Component: ARM Compiler 5.06 update 7 (build 960) Tool: armlink [4d3601]

==============================================================================

Section Cross References

    startup_stm32f103xb.o(STACK) refers (Special) to heapauxi.o(.text) for __use_two_region_memory
    startup_stm32f103xb.o(HEAP) refers (Special) to heapauxi.o(.text) for __use_two_region_memory
    startup_stm32f103xb.o(RESET) refers (Special) to heapauxi.o(.text) for __use_two_region_memory
    startup_stm32f103xb.o(RESET) refers to startup_stm32f103xb.o(STACK) for __initial_sp
    startup_stm32f103xb.o(RESET) refers to startup_stm32f103xb.o(.text) for Reset_Handler
    startup_stm32f103xb.o(RESET) refers to stm32f1xx_it.o(i.NMI_Handler) for NMI_Handler
    startup_stm32f103xb.o(RESET) refers to stm32f1xx_it.o(i.HardFault_Handler) for HardFault_Handler
    startup_stm32f103xb.o(RESET) refers to stm32f1xx_it.o(i.MemManage_Handler) for MemManage_Handler
    startup_stm32f103xb.o(RESET) refers to stm32f1xx_it.o(i.BusFault_Handler) for BusFault_Handler
    startup_stm32f103xb.o(RESET) refers to stm32f1xx_it.o(i.UsageFault_Handler) for UsageFault_Handler
    startup_stm32f103xb.o(RESET) refers to stm32f1xx_it.o(i.SVC_Handler) for SVC_Handler
    startup_stm32f103xb.o(RESET) refers to stm32f1xx_it.o(i.DebugMon_Handler) for DebugMon_Handler
    startup_stm32f103xb.o(RESET) refers to stm32f1xx_it.o(i.PendSV_Handler) for PendSV_Handler
    startup_stm32f103xb.o(RESET) refers to stm32f1xx_it.o(i.SysTick_Handler) for SysTick_Handler
    startup_stm32f103xb.o(RESET) refers to stm32f1xx_it.o(i.USART1_IRQHandler) for USART1_IRQHandler
    startup_stm32f103xb.o(.text) refers (Special) to heapauxi.o(.text) for __use_two_region_memory
    startup_stm32f103xb.o(.text) refers to system_stm32f1xx.o(i.SystemInit) for SystemInit
    startup_stm32f103xb.o(.text) refers to __main.o(!!!main) for __main
    startup_stm32f103xb.o(.text) refers to startup_stm32f103xb.o(HEAP) for Heap_Mem
    startup_stm32f103xb.o(.text) refers to startup_stm32f103xb.o(STACK) for Stack_Mem
    main.o(i.HAL_UART_RxCpltCallback) refers to stm32f1xx_hal_uart.o(i.HAL_UART_Receive_IT) for HAL_UART_Receive_IT
    main.o(i.HAL_UART_RxCpltCallback) refers to main.o(.data) for .data
    main.o(i.HAL_UART_RxCpltCallback) refers to main.o(.bss) for .bss
    main.o(i.HAL_UART_RxCpltCallback) refers to usart.o(.bss) for huart1
    main.o(i.SystemClock_Config) refers to rt_memclr_w.o(.text) for __aeabi_memclr4
    main.o(i.SystemClock_Config) refers to stm32f1xx_hal_rcc.o(i.HAL_RCC_OscConfig) for HAL_RCC_OscConfig
    main.o(i.SystemClock_Config) refers to stm32f1xx_hal_rcc.o(i.HAL_RCC_ClockConfig) for HAL_RCC_ClockConfig
    main.o(i.main) refers to stm32f1xx_hal.o(i.HAL_Init) for HAL_Init
    main.o(i.main) refers to main.o(i.SystemClock_Config) for SystemClock_Config
    main.o(i.main) refers to gpio.o(i.MX_GPIO_Init) for MX_GPIO_Init
    main.o(i.main) refers to tim.o(i.MX_TIM4_Init) for MX_TIM4_Init
    main.o(i.main) refers to usart.o(i.MX_USART1_UART_Init) for MX_USART1_UART_Init
    main.o(i.main) refers to stm32f1xx_hal_uart.o(i.HAL_UART_Receive_IT) for HAL_UART_Receive_IT
    main.o(i.main) refers to pid.o(i.PidInit) for PidInit
    main.o(i.main) refers to pid.o(i.PidInitMode) for PidInitMode
    main.o(i.main) refers to servos.o(i.servos_start) for servos_start
    main.o(i.main) refers to stm32f1xx_hal_uart.o(i.HAL_UART_AbortReceive_IT) for HAL_UART_AbortReceive_IT
    main.o(i.main) refers to fflt_clz.o(x$fpl$fflt) for __aeabi_i2f
    main.o(i.main) refers to fmul.o(x$fpl$fmul) for __aeabi_fmul
    main.o(i.main) refers to fdiv.o(x$fpl$fdiv) for __aeabi_fdiv
    main.o(i.main) refers to faddsub_clz.o(x$fpl$fsub) for __aeabi_fsub
    main.o(i.main) refers to faddsub_clz.o(x$fpl$frsb) for __aeabi_frsub
    main.o(i.main) refers to faddsub_clz.o(x$fpl$fadd) for __aeabi_fadd
    main.o(i.main) refers to servos.o(i.servos_stop) for servos_stop
    main.o(i.main) refers to f2d.o(x$fpl$f2d) for __aeabi_f2d
    main.o(i.main) refers to atan2.o(i.atan2) for atan2
    main.o(i.main) refers to dmul.o(x$fpl$dmul) for __aeabi_dmul
    main.o(i.main) refers to d2f.o(x$fpl$d2f) for __aeabi_d2f
    main.o(i.main) refers to pid.o(i.PidCalculate) for PidCalculate
    main.o(i.main) refers to servos.o(i.PWMSetDutyRatio) for PWMSetDutyRatio
    main.o(i.main) refers to tan.o(i.tan) for tan
    main.o(i.main) refers to drleqf.o(x$fpl$drleqf) for __aeabi_cdrcmple
    main.o(i.main) refers to daddsub_clz.o(x$fpl$dadd) for __aeabi_dadd
    main.o(i.main) refers to stm32f1xx_hal.o(i.HAL_Delay) for HAL_Delay
    main.o(i.main) refers to main.o(.data) for .data
    main.o(i.main) refers to main.o(.bss) for .bss
    main.o(i.main) refers to usart.o(.bss) for huart1
    main.o(i.main) refers to tim.o(.bss) for htim4
    main.o(.data) refers to main.o(.data) for autolist
    tim.o(i.HAL_TIM_MspPostInit) refers to stm32f1xx_hal_gpio.o(i.HAL_GPIO_Init) for HAL_GPIO_Init
[...]
    ..\Core\Src\system_stm32f1xx.c           0x00000000   Number         0  system_stm32f1xx.o ABSOLUTE
    ..\Core\Src\tim.c                        0x00000000   Number         0  tim.o ABSOLUTE
    ..\Core\Src\usart.c                      0x00000000   Number         0  usart.o ABSOLUTE
    ..\Drivers\STM32F1xx_HAL_Driver\Src\stm32f1xx_hal.c 0x00000000   Number         0  stm32f1xx_hal.o ABSOLUTE
    ..\Drivers\STM32F1xx_HAL_Driver\Src\stm32f1xx_hal_cortex.c 0x00000000   Number         0  stm32f1xx_hal_cortex.o ABSOLUTE
    ..\Drivers\STM32F1xx_HAL_Driver\Src\stm32f1xx_hal_dma.c 0x00000000   Number         0  stm32f1xx_hal_dma.o ABSOLUTE
    ..\Drivers\STM32F1xx_HAL_Driver\Src\stm32f1xx_hal_exti.c 0x00000000   Number         0  stm32f1xx_hal_exti.o ABSOLUTE
    ..\Drivers\STM32F1xx_HAL_Driver\Src\stm32f1xx_hal_flash.c 0x00000000   Number         0  stm32f1xx_hal_flash.o ABSOLUTE
    ..\Drivers\STM32F1xx_HAL_Driver\Src\stm32f1xx_hal_flash_ex.c 0x00000000   Number         0  stm32f1xx_hal_flash_ex.o ABSOLUTE
    ..\Drivers\STM32F1xx_HAL_Driver\Src\stm32f1xx_hal_gpio.c 0x00000000   Number         0  stm32f1xx_hal_gpio.o ABSOLUTE
    ..\Drivers\STM32F1xx_HAL_Driver\Src\stm32f1xx_hal_gpio_ex.c 0x00000000   Number         0  stm32f1xx_hal_gpio_ex.o ABSOLUTE
    ..\Drivers\STM32F1xx_HAL_Driver\Src\stm32f1xx_hal_pwr.c 0x00000000   Number         0  stm32f1xx_hal_pwr.o ABSOLUTE
    ..\Drivers\STM32F1xx_HAL_Driver\Src\stm32f1xx_hal_rcc.c 0x00000000   Number         0  stm32f1xx_hal_rcc.o ABSOLUTE
    ..\Drivers\STM32F1xx_HAL_Driver\Src\stm32f1xx_hal_rcc_ex.c 0x00000000   Number         0  stm32f1xx_hal_rcc_ex.o ABSOLUTE
    ..\Drivers\STM32F1xx_HAL_Driver\Src\stm32f1xx_hal_tim.c 0x00000000   Number         0  stm32f1xx_hal_tim.o ABSOLUTE
    ..\Drivers\STM32F1xx_HAL_Driver\Src\stm32f1xx_hal_tim_ex.c 0x00000000   Number         0  stm32f1xx_hal_tim_ex.o ABSOLUTE
    ..\Drivers\STM32F1xx_HAL_Driver\Src\stm32f1xx_hal_uart.c 0x00000000   Number         0  stm32f1xx_hal_uart.o ABSOLUTE
    ..\\ACE-ECF\\Algorithm\\src\\maths.c     0x00000000   Number         0  maths.o ABSOLUTE
    ..\\modules\\Servos.c                    0x00000000   Number         0  servos.o ABSOLUTE
    ..\modules\Servos.c                      0x00000000   Number         0  servos.o ABSOLUTE
    dc.s                                     0x00000000   Number         0  dc.o ABSOLUTE
    startup_stm32f103xb.s                    0x00000000   Number         0  startup_stm32f103xb.o ABSOLUTE
    RESET                                    0x08000000   Section      236  startup_stm32f103xb.o(RESET)
    !!!main                                  0x080000ec   Section        8  __main.o(!!!main)
    !!!scatter                               0x080000f4   Section       52  __scatter.o(!!!scatter)
    !!handler_copy                           0x08000128   Section       26  __scatter_copy.o(!!handler_copy)
    !!handler_zi                             0x08000144   Section       28  __scatter_zi.o(!!handler_zi)
    .ARM.Collect$$libinit$$00000000          0x08000160   Section        2  libinit.o(.ARM.Collect$$libinit$$00000000)
    .ARM.Collect$$libinit$$00000002          0x08000162   Section        0  libinit2.o(.ARM.Collect$$libinit$$00000002)
    .ARM.Collect$$libinit$$00000004          0x08000162   Section        0  libinit2.o(.ARM.Collect$$libinit$$00000004)
    .ARM.Collect$$libinit$$0000000A          0x08000162   Section        0  libinit2.o(.ARM.Collect$$libinit$$0000000A)
    .ARM.Collect$$libinit$$0000000C          0x08000162   Section        0  libinit2.o(.ARM.Collect$$libinit$$0000000C)
    .ARM.Collect$$libinit$$0000000E          0x08000162   Section        0  libinit2.o(.ARM.Collect$$libinit$$0000000E)
    .ARM.Collect$$libinit$$00000011          0x08000162   Section        0  libinit2.o(.ARM.Collect$$libinit$$00000011)
    .ARM.Collect$$libinit$$00000013          0x08000162   Section        0  libinit2.o(.ARM.Collect$$libinit$$00000013)
    .ARM.Collect$$libinit$$00000015          0x08000162   Section        0  libinit2.o(.ARM.Collect$$libinit$$00000015)
    .ARM.Collect$$libinit$$00000017          0x08000162   Section        0  libinit2.o(.ARM.Collect$$libinit$$00000017)
    .ARM.Collect$$libinit$$00000019          0x08000162   Section        0  libinit2.o(.ARM.Collect$$libinit$$00000019)
    .ARM.Collect$$libinit$$0000001B          0x08000162   Section        0  libinit2.o(.ARM.Collect$$libinit$$0000001B)
    .ARM.Collect$$libinit$$0000001D          0x08000162   Section        0  libinit2.o(.ARM.Collect$$libinit$$0000001D)
    .ARM.Collect$$libinit$$0000001F          0x08000162   Section        0  libinit2.o(.ARM.Collect$$libinit$$0000001F)
    .ARM.Collect$$libinit$$00000021          0x08000162   Section        0  libinit2.o(.ARM.Collect$$libinit$$00000021)
    .ARM.Collect$$libinit$$00000023          0x08000162   Section        0  libinit2.o(.ARM.Collect$$libinit$$00000023)
    .ARM.Collect$$libinit$$00000025          0x08000162   Section        0  libinit2.o(.ARM.Collect$$libinit$$00000025)
    .ARM.Collect$$libinit$$0000002C          0x08000162   Section        0  libinit2.o(.ARM.Collect$$libinit$$0000002C)
    .ARM.Collect$$libinit$$0000002E          0x08000162   Section        0  libinit2.o(.ARM.Collect$$libinit$$0000002E)
    .ARM.Collect$$libinit$$00000030          0x08000162   Section        0  libinit2.o(.ARM.Collect$$libinit$$00000030)
    .ARM.Collect$$libinit$$00000032          0x08000162   Section        0  libinit2.o(.ARM.Collect$$libinit$$00000032)
    .ARM.Collect$$libinit$$00000033          0x08000162   Section        2  libinit2.o(.ARM.Collect$$libinit$$00000033)
    .ARM.Collect$$libshutdown$$00000000      0x08000164   Section        2  libshutdown.o(.ARM.Collect$$libshutdown$$00000000)
    .ARM.Collect$$libshutdown$$00000002      0x08000166   Section        0  libshutdown2.o(.ARM.Collect$$libshutdown$$00000002)
    .ARM.Collect$$libshutdown$$00000004      0x08000166   Section        0  libshutdown2.o(.ARM.Collect$$libshutdown$$00000004)
    .ARM.Collect$$libshutdown$$00000006      0x08000166   Section        0  libshutdown2.o(.ARM.Collect$$libshutdown$$00000006)
    .ARM.Collect$$libshutdown$$00000009      0x08000166   Section        0  libshutdown2.o(.ARM.Collect$$libshutdown$$00000009)
    .ARM.Collect$$libshutdown$$0000000C      0x08000166   Section        0  libshutdown2.o(.ARM.Collect$$libshutdown$$0000000C)
    .ARM.Collect$$libshutdown$$0000000E      0x08000166   Section        0  libshutdown2.o(.ARM.Collect$$libshutdown$$0000000E)
    .ARM.Collect$$libshutdown$$00000011      0x08000166   Section        0  libshutdown2.o(.ARM.Collect$$libshutdown$$00000011)
    .ARM.Collect$$libshutdown$$00000012      0x08000166   Section        2  libshutdown2.o(.ARM.Collect$$libshutdown$$00000012)
    .ARM.Collect$$rtentry$$00000000          0x08000168   Section        0  __rtentry.o(.ARM.Collect$$rtentry$$00000000)
    .ARM.Collect$$rtentry$$00000002          0x08000168   Section        0  __rtentry2.o(.ARM.Collect$$rtentry$$00000002)
    .ARM.Collect$$rtentry$$00000004          0x08000168   Section        6  __rtentry4.o(.ARM.Collect$$rtentry$$00000004)
    .ARM.Collect$$rtentry$$00000009          0x0800016e   Section        0  __rtentry2.o(.ARM.Collect$$rtentry$$00000009)
    .ARM.Collect$$rtentry$$0000000A          0x0800016e   Section        4  __rtentry2.o(.ARM.Collect$$rtentry$$0000000A)
    .ARM.Collect$$rtentry$$0000000C          0x08000172   Section        0  __rtentry2.o(.ARM.Collect$$rtentry$$0000000C)
    .ARM.Collect$$rtentry$$0000000D          0x08000172   Section        8  __rtentry2.o(.ARM.Collect$$rtentry$$0000000D)
    .ARM.Collect$$rtexit$$00000000           0x0800017a   Section        2  rtexit.o(.ARM.Collect$$rtexit$$00000000)
    .ARM.Collect$$rtexit$$00000002           0x0800017c   Section        0  rtexit2.o(.ARM.Collect$$rtexit$$00000002)
    .ARM.Collect$$rtexit$$00000003           0x0800017c   Section        4  rtexit2.o(.ARM.Collect$$rtexit$$00000003)
    .ARM.Collect$$rtexit$$00000004           0x08000180   Section        6  rtexit2.o(.ARM.Collect$$rtexit$$00000004)
    .text                                    0x08000188   Section       64  startup_stm32f103xb.o(.text)
    .text                                    0x080001c8   Section       68  rt_memclr.o(.text)
    .text                                    0x0800020c   Section       78  rt_memclr_w.o(.text)
    .text                                    0x0800025a   Section        0  heapauxi.o(.text)
    .text                                    0x08000260   Section        0  _rserrno.o(.text)
    .text                                    0x08000278   Section        8  rt_errno_addr_intlibspace.o(.text)
    .text                                    0x08000280   Section        8  libspace.o(.text)
    .text                                    0x08000288   Section       74  sys_stackheap_outer.o(.text)
    .text                                    0x080002d2   Section        0  exit.o(.text)
    .text                                    0x080002e4   Section        0  sys_exit.o(.text)
    .text                                    0x080002f0   Section        2  use_no_semi.o(.text)
    .text                                    0x080002f2   Section        0  indicate_semi.o(.text)
    i.BusFault_Handler                       0x080002f2   Section        0  stm32f1xx_it.o(i.BusFault_Handler)
    i.Changing_Integration_Rate              0x080002f4   Section        0  pid.o(i.Changing_Integration_Rate)
    Changing_Integration_Rate                0x080002f5   Thumb Code    96  pid.o(i.Changing_Integration_Rate)
    i.DebugMon_Handler                       0x08000354   Section        0  stm32f1xx_it.o(i.DebugMon_Handler)
    i.Error_Handler                          0x08000356   Section        0  main.o(i.Error_Handler)
    i.HAL_DMA_Abort                          0x0800035a   Section        0  stm32f1xx_hal_dma.o(i.HAL_DMA_Abort)
    i.HAL_DMA_Abort_IT                       0x080003a0   Section        0  stm32f1xx_hal_dma.o(i.HAL_DMA_Abort_IT)
    i.HAL_Delay                              0x08000438   Section        0  stm32f1xx_hal.o(i.HAL_Delay)
    i.HAL_GPIO_Init                          0x0800045c   Section        0  stm32f1xx_hal_gpio.o(i.HAL_GPIO_Init)
    i.HAL_GetTick                            0x0800063c   Section        0  stm32f1xx_hal.o(i.HAL_GetTick)
    i.HAL_IncTick                            0x08000648   Section        0  stm32f1xx_hal.o(i.HAL_IncTick)
    i.HAL_Init                               0x08000658   Section        0  stm32f1xx_hal.o(i.HAL_Init)
    i.HAL_InitTick                           0x0800067c   Section        0  stm32f1xx_hal.o(i.HAL_InitTick)
    i.HAL_MspInit                            0x080006bc   Section        0  stm32f1xx_hal_msp.o(i.HAL_MspInit)
    i.HAL_NVIC_EnableIRQ                     0x080006f8   Section        0  stm32f1xx_hal_cortex.o(i.HAL_NVIC_EnableIRQ)
    i.HAL_NVIC_SetPriority                   0x08000714   Section        0  stm32f1xx_hal_cortex.o(i.HAL_NVIC_SetPriority)
    i.HAL_NVIC_SetPriorityGrouping           0x08000754   Section        0  stm32f1xx_hal_cortex.o(i.HAL_NVIC_SetPriorityGrouping)
    i.HAL_RCC_ClockConfig                    0x08000778   Section        0  stm32f1xx_hal_rcc.o(i.HAL_RCC_ClockConfig)
    i.HAL_RCC_GetPCLK1Freq                   0x080008a4   Section        0  stm32f1xx_hal_rcc.o(i.HAL_RCC_GetPCLK1Freq)
    i.HAL_RCC_GetPCLK2Freq                   0x080008c4   Section        0  stm32f1xx_hal_rcc.o(i.HAL_RCC_GetPCLK2Freq)
    i.HAL_RCC_GetSysClockFreq                0x080008e4   Section        0  stm32f1xx_hal_rcc.o(i.HAL_RCC_GetSysClockFreq)
    i.HAL_RCC_OscConfig                      0x08000950   Section        0  stm32f1xx_hal_rcc.o(i.HAL_RCC_OscConfig)
    i.HAL_SYSTICK_Config                     0x08000c70   Section        0  stm32f1xx_hal_cortex.o(i.HAL_SYSTICK_Config)
    i.HAL_TIMEx_MasterConfigSynchronization  0x08000c98   Section        0  stm32f1xx_hal_tim_ex.o(i.HAL_TIMEx_MasterConfigSynchronization)
    i.HAL_TIM_Base_Init                      0x08000d00   Section        0  stm32f1xx_hal_tim.o(i.HAL_TIM_Base_Init)
    i.HAL_TIM_Base_MspInit                   0x08000d5c   Section        0  tim.o(i.HAL_TIM_Base_MspInit)
    i.HAL_TIM_Base_Start                     0x08000d84   Section        0  stm32f1xx_hal_tim.o(i.HAL_TIM_Base_Start)
    i.HAL_TIM_ConfigClockSource              0x08000dd4   Section        0  stm32f1xx_hal_tim.o(i.HAL_TIM_ConfigClockSource)
    i.HAL_TIM_MspPostInit                    0x08000eac   Section        0  tim.o(i.HAL_TIM_MspPostInit)
    i.HAL_TIM_PWM_ConfigChannel              0x08000ef8   Section        0  stm32f1xx_hal_tim.o(i.HAL_TIM_PWM_ConfigChannel)
    i.HAL_TIM_PWM_Init                       0x08000fbe   Section        0  stm32f1xx_hal_tim.o(i.HAL_TIM_PWM_Init)
    i.HAL_TIM_PWM_MspInit                    0x08001018   Section        0  stm32f1xx_hal_tim.o(i.HAL_TIM_PWM_MspInit)
    i.HAL_TIM_PWM_Start                      0x0800101c   Section        0  stm32f1xx_hal_tim.o(i.HAL_TIM_PWM_Start)
    i.HAL_TIM_PWM_Stop                       0x080010b8   Section        0  stm32f1xx_hal_tim.o(i.HAL_TIM_PWM_Stop)
    i.HAL_UARTEx_RxEventCallback             0x08001128   Section        0  stm32f1xx_hal_uart.o(i.HAL_UARTEx_RxEventCallback)
    i.HAL_UART_AbortReceiveCpltCallback      0x0800112a   Section        0  stm32f1xx_hal_uart.o(i.HAL_UART_AbortReceiveCpltCallback)
    i.HAL_UART_AbortReceive_IT               0x0800112c   Section        0  stm32f1xx_hal_uart.o(i.HAL_UART_AbortReceive_IT)
    i.HAL_UART_ErrorCallback                 0x0800119c   Section        0  stm32f1xx_hal_uart.o(i.HAL_UART_ErrorCallback)
    i.HAL_UART_IRQHandler                    0x080011a0   Section        0  stm32f1xx_hal_uart.o(i.HAL_UART_IRQHandler)
    i.HAL_UART_Init                          0x080013ac   Section        0  stm32f1xx_hal_uart.o(i.HAL_UART_Init)
    i.HAL_UART_MspInit                       0x08001410   Section        0  usart.o(i.HAL_UART_MspInit)
    i.HAL_UART_Receive_IT                    0x08001490   Section        0  stm32f1xx_hal_uart.o(i.HAL_UART_Receive_IT)
    i.HAL_UART_RxCpltCallback                0x080014bc   Section        0  main.o(i.HAL_UART_RxCpltCallback)
    i.HAL_UART_TxCpltCallback                0x080014ec   Section        0  stm32f1xx_hal_uart.o(i.HAL_UART_TxCpltCallback)
    i.HardFault_Handler                      0x080014ee   Section        0  stm32f1xx_it.o(i.HardFault_Handler)
    i.MX_GPIO_Init                           0x080014f0   Section        0  gpio.o(i.MX_GPIO_Init)
    i.MX_TIM4_Init                           0x0800152c   Section        0  tim.o(i.MX_TIM4_Init)
    i.MX_USART1_UART_Init                    0x080015d8   Section        0  usart.o(i.MX_USART1_UART_Init)
    i.MemManage_Handler                      0x08001610   Section        0  stm32f1xx_it.o(i.MemManage_Handler)
    i.NMI_Handler                            0x08001612   Section        0  stm32f1xx_it.o(i.NMI_Handler)
    i.PWMSetDutyRatio                        0x08001614   Section        0  servos.o(i.PWMSetDutyRatio)
    i.PendSV_Handler                         0x08001672   Section        0  stm32f1xx_it.o(i.PendSV_Handler)
    i.PidCalculate                           0x08001674   Section        0  pid.o(i.PidCalculate)
    i.PidInit                                0x080017cc   Section        0  pid.o(i.PidInit)
    i.PidInitMode                            0x080017f6   Section        0  pid.o(i.PidInitMode)
    i.SVC_Handler                            0x0800184c   Section        0  stm32f1xx_it.o(i.SVC_Handler)
    i.SysTick_Handler                        0x0800184e   Section        0  stm32f1xx_it.o(i.SysTick_Handler)
    i.SystemClock_Config                     0x08001852   Section        0  main.o(i.SystemClock_Config)
    i.SystemInit                             0x080018b0   Section        0  system_stm32f1xx.o(i.SystemInit)
    i.TIM_Base_SetConfig                     0x080018b4   Section        0  stm32f1xx_hal_tim.o(i.TIM_Base_SetConfig)
    i.TIM_CCxChannelCmd                      0x08001920   Section        0  stm32f1xx_hal_tim.o(i.TIM_CCxChannelCmd)
    i.TIM_ETR_SetConfig                      0x0800193a   Section        0  stm32f1xx_hal_tim.o(i.TIM_ETR_SetConfig)
    i.TIM_ITRx_SetConfig                     0x0800194e   Section        0  stm32f1xx_hal_tim.o(i.TIM_ITRx_SetConfig)
    TIM_ITRx_SetConfig                       0x0800194f   Thumb Code    16  stm32f1xx_hal_tim.o(i.TIM_ITRx_SetConfig)
    i.TIM_OC1_SetConfig                      0x08001960   Section        0  stm32f1xx_hal_tim.o(i.TIM_OC1_SetConfig)
    TIM_OC1_SetConfig                        0x08001961   Thumb Code    74  stm32f1xx_hal_tim.o(i.TIM_OC1_SetConfig)
    i.TIM_OC2_SetConfig                      0x080019b0   Section        0  stm32f1xx_hal_tim.o(i.TIM_OC2_SetConfig)
    i.TIM_OC3_SetConfig                      0x08001a08   Section        0  stm32f1xx_hal_tim.o(i.TIM_OC3_SetConfig)
    TIM_OC3_SetConfig                        0x08001a09   Thumb Code    82  stm32f1xx_hal_tim.o(i.TIM_OC3_SetConfig)
    i.TIM_OC4_SetConfig                      0x08001a60   Section        0  stm32f1xx_hal_tim.o(i.TIM_OC4_SetConfig)
    TIM_OC4_SetConfig                        0x08001a61   Thumb Code    64  stm32f1xx_hal_tim.o(i.TIM_OC4_SetConfig)
    i.TIM_TI1_ConfigInputStage               0x08001aa4   Section        0  stm32f1xx_hal_tim.o(i.TIM_TI1_ConfigInputStage)
    TIM_TI1_ConfigInputStage                 0x08001aa5   Thumb Code    34  stm32f1xx_hal_tim.o(i.TIM_TI1_ConfigInputStage)
    i.TIM_TI2_ConfigInputStage               0x08001ac6   Section        0  stm32f1xx_hal_tim.o(i.TIM_TI2_ConfigInputStage)
    TIM_TI2_ConfigInputStage                 0x08001ac7   Thumb Code    36  stm32f1xx_hal_tim.o(i.TIM_TI2_ConfigInputStage)
    i.UART_DMAAbortOnError                   0x08001aea   Section        0  stm32f1xx_hal_uart.o(i.UART_DMAAbortOnError)
    UART_DMAAbortOnError                     0x08001aeb   Thumb Code    16  stm32f1xx_hal_uart.o(i.UART_DMAAbortOnError)
    i.UART_DMARxOnlyAbortCallback            0x08001afa   Section        0  stm32f1xx_hal_uart.o(i.UART_DMARxOnlyAbortCallback)
    UART_DMARxOnlyAbortCallback              0x08001afb   Thumb Code    22  stm32f1xx_hal_uart.o(i.UART_DMARxOnlyAbortCallback)
    i.UART_EndRxTransfer                     0x08001b10   Section        0  stm32f1xx_hal_uart.o(i.UART_EndRxTransfer)
    UART_EndRxTransfer                       0x08001b11   Thumb Code    48  stm32f1xx_hal_uart.o(i.UART_EndRxTransfer)
    i.UART_Receive_IT                        0x08001b40   Section        0  stm32f1xx_hal_uart.o(i.UART_Receive_IT)
    UART_Receive_IT                          0x08001b41   Thumb Code   182  stm32f1xx_hal_uart.o(i.UART_Receive_IT)
    i.UART_SetConfig                         0x08001bf8   Section        0  stm32f1xx_hal_uart.o(i.UART_SetConfig)
    UART_SetConfig                           0x08001bf9   Thumb Code   178  stm32f1xx_hal_uart.o(i.UART_SetConfig)
    i.UART_Start_Receive_IT                  0x08001cb0   Section        0  stm32f1xx_hal_uart.o(i.UART_Start_Receive_IT)
    i.USART1_IRQHandler                      0x08001ce8   Section        0  stm32f1xx_it.o(i.USART1_IRQHandler)
    i.UsageFault_Handler                     0x08001cf4   Section        0  stm32f1xx_it.o(i.UsageFault_Handler)
    i.__ARM_fpclassify                       0x08001cf6   Section        0  fpclassify.o(i.__ARM_fpclassify)
    i.__NVIC_SetPriority                     0x08001d1e   Section        0  stm32f1xx_hal_cortex.o(i.__NVIC_SetPriority)
    __NVIC_SetPriority                       0x08001d1f   Thumb Code    32  stm32f1xx_hal_cortex.o(i.__NVIC_SetPriority)
    i.__ieee754_rem_pio2                     0x08001d40   Section        0  rred.o(i.__ieee754_rem_pio2)
    i.__kernel_poly                          0x080020c8   Section        0  poly.o(i.__kernel_poly)
    i.__kernel_tan                           0x08002174   Section        0  tan_i.o(i.__kernel_tan)
    i.__mathlib_dbl_infnan                   0x080023f0   Section        0  dunder.o(i.__mathlib_dbl_infnan)
    i.__mathlib_dbl_infnan2                  0x080023f6   Section        0  dunder.o(i.__mathlib_dbl_infnan2)
    i.__mathlib_dbl_invalid                  0x080023fa   Section        0  dunder.o(i.__mathlib_dbl_invalid)
    i.__mathlib_dbl_underflow                0x08002408   Section        0  dunder.o(i.__mathlib_dbl_underflow)
    i.atan                                   0x08002418   Section        0  atan.o(i.atan)
    i.atan2                                  0x08002638   Section        0  atan2.o(i.atan2)
    i.f_Derivative_On_Measurement            0x080027d4   Section        0  pid.o(i.f_Derivative_On_Measurement)
    f_Derivative_On_Measurement              0x080027d5   Thumb Code   110  pid.o(i.f_Derivative_On_Measurement)
    i.f_StepIn                               0x08002844   Section        0  pid.o(i.f_StepIn)
    f_StepIn                                 0x08002845   Thumb Code    98  pid.o(i.f_StepIn)
    i.first_order_filter                     0x080028ac   Section        0  pid.o(i.first_order_filter)
    first_order_filter                       0x080028ad   Thumb Code    52  pid.o(i.first_order_filter)
    i.main                                   0x080028e0   Section        0  main.o(i.main)
    i.pid_clear                              0x08002d38   Section        0  pid.o(i.pid_clear)
    i.servos_start                           0x08002d5c   Section        0  servos.o(i.servos_start)
    i.servos_stop                            0x08002d72   Section        0  servos.o(i.servos_stop)
    i.tan                                    0x08002d78   Section        0  tan.o(i.tan)
    x$fpl$d2f                                0x08002ddc   Section       98  d2f.o(x$fpl$d2f)
    x$fpl$dadd                               0x08002e40   Section      336  daddsub_clz.o(x$fpl$dadd)
    _dadd1                                   0x08002e51   Thumb Code     0  daddsub_clz.o(x$fpl$dadd)
    x$fpl$dcheck1                            0x08002f90   Section       16  dcheck1.o(x$fpl$dcheck1)
    x$fpl$dcmpinf                            0x08002fa0   Section       24  dcmpi.o(x$fpl$dcmpinf)
    x$fpl$ddiv                               0x08002fb8   Section      688  ddiv.o(x$fpl$ddiv)
    ddiv_entry                               0x08002fbf   Thumb Code     0  ddiv.o(x$fpl$ddiv)
    x$fpl$deqf                               0x08003268   Section      120  deqf.o(x$fpl$deqf)
    x$fpl$dfix                               0x080032e0   Section       94  dfix.o(x$fpl$dfix)
    x$fpl$dflt                               0x0800333e   Section       46  dflt_clz.o(x$fpl$dflt)
    x$fpl$dfltu                              0x0800336c   Section       38  dflt_clz.o(x$fpl$dfltu)
    x$fpl$dleqf                              0x08003394   Section      120  dleqf.o(x$fpl$dleqf)
    x$fpl$dmul                               0x0800340c   Section      340  dmul.o(x$fpl$dmul)
    x$fpl$dnaninf                            0x08003560   Section      156  dnaninf.o(x$fpl$dnaninf)
    x$fpl$dretinf                            0x080035fc   Section       12  dretinf.o(x$fpl$dretinf)
    x$fpl$drleqf                             0x08003608   Section      108  drleqf.o(x$fpl$drleqf)
    x$fpl$drsb                               0x08003674   Section       22  daddsub_clz.o(x$fpl$drsb)
    x$fpl$dsub                               0x0800368c   Section      468  daddsub_clz.o(x$fpl$dsub)
    _dsub1                                   0x0800369d   Thumb Code     0  daddsub_clz.o(x$fpl$dsub)
    x$fpl$f2d                                0x08003860   Section       86  f2d.o(x$fpl$f2d)
    x$fpl$fadd                               0x080038b8   Section      196  faddsub_clz.o(x$fpl$fadd)
    _fadd1                                   0x080038c7   Thumb Code     0  faddsub_clz.o(x$fpl$fadd)
    x$fpl$fcmpinf                            0x0800397c   Section       24  fcmpi.o(x$fpl$fcmpinf)
    x$fpl$fdiv                               0x08003994   Section      388  fdiv.o(x$fpl$fdiv)
    _fdiv1                                   0x08003995   Thumb Code     0  fdiv.o(x$fpl$fdiv)
    x$fpl$ffixu                              0x08003b18   Section       62  ffixu.o(x$fpl$ffixu)
    x$fpl$fflt                               0x08003b58   Section       48  fflt_clz.o(x$fpl$fflt)
    x$fpl$ffltu                              0x08003b88   Section       38  fflt_clz.o(x$fpl$ffltu)
    x$fpl$fleqf                              0x08003bb0   Section      104  fleqf.o(x$fpl$fleqf)
    x$fpl$fmul                               0x08003c18   Section      258  fmul.o(x$fpl$fmul)
    x$fpl$fnaninf                            0x08003d1a   Section      140  fnaninf.o(x$fpl$fnaninf)
    x$fpl$fretinf                            0x08003da6   Section       10  fretinf.o(x$fpl$fretinf)
    x$fpl$frleqf                             0x08003db0   Section       98  frleqf.o(x$fpl$frleqf)
    x$fpl$frsb                               0x08003e12   Section       20  faddsub_clz.o(x$fpl$frsb)
    x$fpl$fsub                               0x08003e28   Section      234  faddsub_clz.o(x$fpl$fsub)
    _fsub1                                   0x08003e37   Thumb Code     0  faddsub_clz.o(x$fpl$fsub)
    x$fpl$retnan                             0x08003f12   Section      100  retnan.o(x$fpl$retnan)
    x$fpl$scalbn                             0x08003f76   Section       92  scalbn.o(x$fpl$scalbn)
    x$fpl$trapveneer                         0x08003fd2   Section       48  trapv.o(x$fpl$trapveneer)
    .constdata                               0x08004002   Section       16  system_stm32f1xx.o(.constdata)
    x$fpl$usenofp                            0x08004002   Section        0  usenofp.o(x$fpl$usenofp)
    .constdata                               0x08004012   Section        8  system_stm32f1xx.o(.constdata)
    .constdata                               0x08004020   Section      152  atan.o(.constdata)
    atanhi                                   0x08004020   Data          32  atan.o(.constdata)
    atanlo                                   0x08004040   Data          32  atan.o(.constdata)
    aTodd                                    0x08004060   Data          40  atan.o(.constdata)
    aTeven                                   0x08004088   Data          48  atan.o(.constdata)
    .constdata                               0x080040b8   Section        8  qnan.o(.constdata)
    .constdata                               0x080040c0   Section      200  rred.o(.constdata)
    pio2s                                    0x080040c0   Data          48  rred.o(.constdata)
    twooverpi                                0x080040f0   Data         152  rred.o(.constdata)
    .constdata                               0x08004188   Section       96  tan_i.o(.constdata)
    Todd                                     0x08004188   Data          48  tan_i.o(.constdata)
    Teven                                    0x080041b8   Data          48  tan_i.o(.constdata)
    .data                                    0x20000000   Section      236  main.o(.data)
    k                                        0x20000024   Data           4  main.o(.data)
    delat_x                                  0x20000028   Data           4  main.o(.data)
    tempx                                    0x2000002c   Data           4  main.o(.data)
    tempy                                    0x20000030   Data           4  main.o(.data)
    .data                                    0x200000ec   Section       12  stm32f1xx_hal.o(.data)
    .data                                    0x200000f8   Section        4  system_stm32f1xx.o(.data)
    .bss                                     0x200000fc   Section      328  main.o(.bss)
    .bss                                     0x20000244   Section       72  tim.o(.bss)
    .bss                                     0x2000028c   Section       68  usart.o(.bss)
    .bss                                     0x200002d0   Section       96  libspace.o(.bss)
    HEAP                                     0x20000330   Section     2048  startup_stm32f103xb.o(HEAP)
    Heap_Mem                                 0x20000330   Data        2048  startup_stm32f103xb.o(HEAP)
    STACK                                    0x20000b30   Section     2048  startup_stm32f103xb.o(STACK)
    Stack_Mem                                0x20000b30   Data        2048  startup_stm32f103xb.o(STACK)
    __initial_sp                             0x20001330   Data           0  startup_stm32f103xb.o(STACK)

    Global Symbols

    Symbol Name                              Value     Ov Type        Size  Object(Section)

    BuildAttributes$$THM_ISAv4$P$D$K$B$S$PE$A:L22UL41UL21$X:L11$S22US41US21$IEEE1$IW$USESV6$~STKCKD$USESV7$~SHL$OTIME$ROPI$IEEEX$EBA8$UX$STANDARDLIB$REQ8$PRES8$EABIv2 0x00000000   Number         0  anon$$obj.o ABSOLUTE
    __ARM_use_no_argv                        0x00000000   Number         0  main.o ABSOLUTE
    __ARM_exceptions_init                     - Undefined Weak Reference
    __alloca_initialize                       - Undefined Weak Reference
    __arm_fini_                               - Undefined Weak Reference
    __arm_preinit_                            - Undefined Weak Reference
    __cpp_initialize__aeabi_                  - Undefined Weak Reference
    __cxa_finalize                            - Undefined Weak Reference
    __rt_locale                               - Undefined Weak Reference
    __sigvec_lookup                           - Undefined Weak Reference
    _atexit_init                              - Undefined Weak Reference
    _call_atexit_fns                          - Undefined Weak Reference
    _clock_init                               - Undefined Weak Reference
    _fp_trap_init                             - Undefined Weak Reference
    _fp_trap_shutdown                         - Undefined Weak Reference
    _get_lc_collate                           - Undefined Weak Reference
    _get_lc_ctype                             - Undefined Weak Reference
    _get_lc_monetary                          - Undefined Weak Reference
    _get_lc_numeric                           - Undefined Weak Reference
    _get_lc_time                              - Undefined Weak Reference
    _getenv_init                              - Undefined Weak Reference
    _handle_redirection                       - Undefined Weak Reference
    _init_alloc                               - Undefined Weak Reference
    _init_user_alloc                          - Undefined Weak Reference
    _initio                                   - Undefined Weak Reference
    _rand_init                                - Undefined Weak Reference
    _signal_finish                            - Undefined Weak Reference
    _signal_init                              - Undefined Weak Reference
    _terminate_alloc                          - Undefined Weak Reference
    _terminate_user_alloc                     - Undefined Weak Reference
    _terminateio                              - Undefined Weak Reference
    __Vectors_Size                           0x000000ec   Number         0  startup_stm32f103xb.o ABSOLUTE
    __Vectors                                0x08000000   Data           4  startup_stm32f103xb.o(RESET)
    __Vectors_End                            0x080000ec   Data           0  startup_stm32f103xb.o(RESET)
    __main                                   0x080000ed   Thumb Code     8  __main.o(!!!main)
    __scatterload                            0x080000f5   Thumb Code     0  __scatter.o(!!!scatter)
    __scatterload_rt2                        0x080000f5   Thumb Code    44  __scatter.o(!!!scatter)
    __scatterload_rt2_thumb_only             0x080000f5   Thumb Code     0  __scatter.o(!!!scatter)
    __scatterload_null                       0x08000103   Thumb Code     0  __scatter.o(!!!scatter)
    __scatterload_copy                       0x08000129   Thumb Code    26  __scatter_copy.o(!!handler_copy)
    __scatterload_zeroinit                   0x08000145   Thumb Code    28  __scatter_zi.o(!!handler_zi)
    __rt_lib_init                            0x08000161   Thumb Code     0  libinit.o(.ARM.Collect$$libinit$$00000000)
    __rt_lib_init_alloca_1                   0x08000163   Thumb Code     0  libinit2.o(.ARM.Collect$$libinit$$0000002E)
    __rt_lib_init_argv_1                     0x08000163   Thumb Code     0  libinit2.o(.ARM.Collect$$libinit$$0000002C)
    __rt_lib_init_atexit_1                   0x08000163   Thumb Code     0  libinit2.o(.ARM.Collect$$libinit$$0000001B)
    __rt_lib_init_clock_1                    0x08000163   Thumb Code     0  libinit2.o(.ARM.Collect$$libinit$$00000021)
    __rt_lib_init_cpp_1                      0x08000163   Thumb Code     0  libinit2.o(.ARM.Collect$$libinit$$00000032)
    __rt_lib_init_exceptions_1               0x08000163   Thumb Code     0  libinit2.o(.ARM.Collect$$libinit$$00000030)
    __rt_lib_init_fp_1                       0x08000163   Thumb Code     0  libinit2.o(.ARM.Collect$$libinit$$00000002)
    __rt_lib_init_fp_trap_1                  0x08000163   Thumb Code     0  libinit2.o(.ARM.Collect$$libinit$$0000001F)
    __rt_lib_init_getenv_1                   0x08000163   Thumb Code     0  libinit2.o(.ARM.Collect$$libinit$$00000023)
    __rt_lib_init_heap_1                     0x08000163   Thumb Code     0  libinit2.o(.ARM.Collect$$libinit$$0000000A)
    __rt_lib_init_lc_collate_1               0x08000163   Thumb Code     0  libinit2.o(.ARM.Collect$$libinit$$00000011)
    __rt_lib_init_lc_ctype_1                 0x08000163   Thumb Code     0  libinit2.o(.ARM.Collect$$libinit$$00000013)
    __rt_lib_init_lc_monetary_1              0x08000163   Thumb Code     0  libinit2.o(.ARM.Collect$$libinit$$00000015)
    __rt_lib_init_lc_numeric_1               0x08000163   Thumb Code     0  libinit2.o(.ARM.Collect$$libinit$$00000017)
    __rt_lib_init_lc_time_1                  0x08000163   Thumb Code     0  libinit2.o(.ARM.Collect$$libinit$$00000019)
    __rt_lib_init_preinit_1                  0x08000163   Thumb Code     0  libinit2.o(.ARM.Collect$$libinit$$00000004)
    __rt_lib_init_rand_1                     0x08000163   Thumb Code     0  libinit2.o(.ARM.Collect$$libinit$$0000000E)
    __rt_lib_init_return                     0x08000163   Thumb Code     0  libinit2.o(.ARM.Collect$$libinit$$00000033)
    __rt_lib_init_signal_1                   0x08000163   Thumb Code     0  libinit2.o(.ARM.Collect$$libinit$$0000001D)
    __rt_lib_init_stdio_1                    0x08000163   Thumb Code     0  libinit2.o(.ARM.Collect$$libinit$$00000025)
    __rt_lib_init_user_alloc_1               0x08000163   Thumb Code     0  libinit2.o(.ARM.Collect$$libinit$$0000000C)
    __rt_lib_shutdown                        0x08000165   Thumb Code     0  libshutdown.o(.ARM.Collect$$libshutdown$$00000000)
    __rt_lib_shutdown_cpp_1                  0x08000167   Thumb Code     0  libshutdown2.o(.ARM.Collect$$libshutdown$$00000004)
    __rt_lib_shutdown_fini_1                 0x08000167   Thumb Code     0  libshutdown2.o(.ARM.Collect$$libshutdown$$00000002)
    __rt_lib_shutdown_fp_trap_1              0x08000167   Thumb Code     0  libshutdown2.o(.ARM.Collect$$libshutdown$$00000009)
    __rt_lib_shutdown_heap_1                 0x08000167   Thumb Code     0  libshutdown2.o(.ARM.Collect$$libshutdown$$00000011)
    __rt_lib_shutdown_return                 0x08000167   Thumb Code     0  libshutdown2.o(.ARM.Collect$$libshutdown$$00000012)
    __rt_lib_shutdown_signal_1               0x08000167   Thumb Code     0  libshutdown2.o(.ARM.Collect$$libshutdown$$0000000C)
    __rt_lib_shutdown_stdio_1                0x08000167   Thumb Code     0  libshutdown2.o(.ARM.Collect$$libshutdown$$00000006)
    __rt_lib_shutdown_user_alloc_1           0x08000167   Thumb Code     0  libshutdown2.o(.ARM.Collect$$libshutdown$$0000000E)
    __rt_entry                               0x08000169   Thumb Code     0  __rtentry.o(.ARM.Collect$$rtentry$$00000000)
    __rt_entry_presh_1                       0x08000169   Thumb Code     0  __rtentry2.o(.ARM.Collect$$rtentry$$00000002)
    __rt_entry_sh                            0x08000169   Thumb Code     0  __rtentry4.o(.ARM.Collect$$rtentry$$00000004)
    __rt_entry_li                            0x0800016f   Thumb Code     0  __rtentry2.o(.ARM.Collect$$rtentry$$0000000A)
    __rt_entry_postsh_1                      0x0800016f   Thumb Code     0  __rtentry2.o(.ARM.Collect$$rtentry$$00000009)
    __rt_entry_main                          0x08000173   Thumb Code     0  __rtentry2.o(.ARM.Collect$$rtentry$$0000000D)
    __rt_entry_postli_1                      0x08000173   Thumb Code     0  __rtentry2.o(.ARM.Collect$$rtentry$$0000000C)
    __rt_exit                                0x0800017b   Thumb Code     0  rtexit.o(.ARM.Collect$$rtexit$$00000000)
    __rt_exit_ls                             0x0800017d   Thumb Code     0  rtexit2.o(.ARM.Collect$$rtexit$$00000003)
    __rt_exit_prels_1                        0x0800017d   Thumb Code     0  rtexit2.o(.ARM.Collect$$rtexit$$00000002)
    __rt_exit_exit                           0x08000181   Thumb Code     0  rtexit2.o(.ARM.Collect$$rtexit$$00000004)
    Reset_Handler                            0x08000189   Thumb Code     8  startup_stm32f103xb.o(.text)
    ADC1_2_IRQHandler                        0x080001a3   Thumb Code     0  startup_stm32f103xb.o(.text)
    CAN1_RX1_IRQHandler                      0x080001a3   Thumb Code     0  startup_stm32f103xb.o(.text)
    CAN1_SCE_IRQHandler                      0x080001a3   Thumb Code     0  startup_stm32f103xb.o(.text)
    DMA1_Channel1_IRQHandler                 0x080001a3   Thumb Code     0  startup_stm32f103xb.o(.text)
    DMA1_Channel2_IRQHandler                 0x080001a3   Thumb Code     0  startup_stm32f103xb.o(.text)
    DMA1_Channel3_IRQHandler                 0x080001a3   Thumb Code     0  startup_stm32f103xb.o(.text)
    DMA1_Channel4_IRQHandler                 0x080001a3   Thumb Code     0  startup_stm32f103xb.o(.text)
    DMA1_Channel5_IRQHandler                 0x080001a3   Thumb Code     0  startup_stm32f103xb.o(.text)
    DMA1_Channel6_IRQHandler                 0x080001a3   Thumb Code     0  startup_stm32f103xb.o(.text)
    DMA1_Channel7_IRQHandler                 0x080001a3   Thumb Code     0  startup_stm32f103xb.o(.text)
    EXTI0_IRQHandler                         0x080001a3   Thumb Code     0  startup_stm32f103xb.o(.text)
    EXTI15_10_IRQHandler                     0x080001a3   Thumb Code     0  startup_stm32f103xb.o(.text)
    EXTI1_IRQHandler                         0x080001a3   Thumb Code     0  startup_stm32f103xb.o(.text)
    EXTI2_IRQHandler                         0x080001a3   Thumb Code     0  startup_stm32f103xb.o(.text)
    EXTI3_IRQHandler                         0x080001a3   Thumb Code     0  startup_stm32f103xb.o(.text)
    EXTI4_IRQHandler                         0x080001a3   Thumb Code     0  startup_stm32f103xb.o(.text)
    EXTI9_5_IRQHandler                       0x080001a3   Thumb Code     0  startup_stm32f103xb.o(.text)
    FLASH_IRQHandler                         0x080001a3   Thumb Code     0  startup_stm32f103xb.o(.text)
    I2C1_ER_IRQHandler                       0x080001a3   Thumb Code     0  startup_stm32f103xb.o(.text)
    I2C1_EV_IRQHandler                       0x080001a3   Thumb Code     0  startup_stm32f103xb.o(.text)
    I2C2_ER_IRQHandler                       0x080001a3   Thumb Code     0  startup_stm32f103xb.o(.text)
    I2C2_EV_IRQHandler                       0x080001a3   Thumb Code     0  startup_stm32f103xb.o(.text)
    PVD_IRQHandler                           0x080001a3   Thumb Code     0  startup_stm32f103xb.o(.text)
    RCC_IRQHandler                           0x080001a3   Thumb Code     0  startup_stm32f103xb.o(.text)
    RTC_Alarm_IRQHandler                     0x080001a3   Thumb Code     0  startup_stm32f103xb.o(.text)
    RTC_IRQHandler                           0x080001a3   Thumb Code     0  startup_stm32f103xb.o(.text)
    SPI1_IRQHandler                          0x080001a3   Thumb Code     0  startup_stm32f103xb.o(.text)
    SPI2_IRQHandler                          0x080001a3   Thumb Code     0  startup_stm32f103xb.o(.text)
    TAMPER_IRQHandler                        0x080001a3   Thumb Code     0  startup_stm32f103xb.o(.text)
    TIM1_BRK_IRQHandler                      0x080001a3   Thumb Code     0  startup_stm32f103xb.o(.text)
    TIM1_CC_IRQHandler                       0x080001a3   Thumb Code     0  startup_stm32f103xb.o(.text)
    TIM1_TRG_COM_IRQHandler                  0x080001a3   Thumb Code     0  startup_stm32f103xb.o(.text)
    TIM1_UP_IRQHandler                       0x080001a3   Thumb Code     0  startup_stm32f103xb.o(.text)
    TIM2_IRQHandler                          0x080001a3   Thumb Code     0  startup_stm32f103xb.o(.text)
    TIM3_IRQHandler                          0x080001a3   Thumb Code     0  startup_stm32f103xb.o(.text)
    TIM4_IRQHandler                          0x080001a3   Thumb Code     0  startup_stm32f103xb.o(.text)
    USART2_IRQHandler                        0x080001a3   Thumb Code     0  startup_stm32f103xb.o(.text)
    USART3_IRQHandler                        0x080001a3   Thumb Code     0  startup_stm32f103xb.o(.text)
    USBWakeUp_IRQHandler                     0x080001a3   Thumb Code     0  startup_stm32f103xb.o(.text)
    USB_HP_CAN1_TX_IRQHandler                0x080001a3   Thumb Code     0  startup_stm32f103xb.o(.text)
    USB_LP_CAN1_RX0_IRQHandler               0x080001a3   Thumb Code     0  startup_stm32f103xb.o(.text)
    WWDG_IRQHandler                          0x080001a3   Thumb Code     0  startup_stm32f103xb.o(.text)
    __user_initial_stackheap                 0x080001a5   Thumb Code     0  startup_stm32f103xb.o(.text)
    __aeabi_memclr                           0x080001c9   Thumb Code     0  rt_memclr.o(.text)
    __rt_memclr                              0x080001c9   Thumb Code    68  rt_memclr.o(.text)
    _memset                                  0x080001cd   Thumb Code     0  rt_memclr.o(.text)
    __aeabi_memclr4                          0x0800020d   Thumb Code     0  rt_memclr_w.o(.text)
    __aeabi_memclr8                          0x0800020d   Thumb Code     0  rt_memclr_w.o(.text)
    __rt_memclr_w                            0x0800020d   Thumb Code    78  rt_memclr_w.o(.text)
    _memset_w                                0x08000211   Thumb Code     0  rt_memclr_w.o(.text)
    __use_two_region_memory                  0x0800025b   Thumb Code     2  heapauxi.o(.text)
    __rt_heap_escrow$2region                 0x0800025d   Thumb Code     2  heapauxi.o(.text)
    __rt_heap_expand$2region                 0x0800025f   Thumb Code     2  heapauxi.o(.text)
    __read_errno                             0x08000261   Thumb Code    10  _rserrno.o(.text)
    __set_errno                              0x0800026b   Thumb Code    12  _rserrno.o(.text)
    __aeabi_errno_addr                       0x08000279   Thumb Code     8  rt_errno_addr_intlibspace.o(.text)
    __errno$intlibspace                      0x08000279   Thumb Code     0  rt_errno_addr_intlibspace.o(.text)
    __rt_errno_addr$intlibspace              0x08000279   Thumb Code     0  rt_errno_addr_intlibspace.o(.text)
    __user_libspace                          0x08000281   Thumb Code     8  libspace.o(.text)
    __user_perproc_libspace                  0x08000281   Thumb Code     0  libspace.o(.text)
    __user_perthread_libspace                0x08000281   Thumb Code     0  libspace.o(.text)
    __user_setup_stackheap                   0x08000289   Thumb Code    74  sys_stackheap_outer.o(.text)
    exit                                     0x080002d3   Thumb Code    18  exit.o(.text)
    _sys_exit                                0x080002e5   Thumb Code     8  sys_exit.o(.text)
    __I$use$semihosting                      0x080002f1   Thumb Code     0  use_no_semi.o(.text)
    __use_no_semihosting_swi                 0x080002f1   Thumb Code     2  use_no_semi.o(.text)
    BusFault_Handler                         0x080002f3   Thumb Code     2  stm32f1xx_it.o(i.BusFault_Handler)
    __semihosting_library_function           0x080002f3   Thumb Code     0  indicate_semi.o(.text)
    DebugMon_Handler                         0x08000355   Thumb Code     2  stm32f1xx_it.o(i.DebugMon_Handler)
    Error_Handler                            0x08000357   Thumb Code     4  main.o(i.Error_Handler)
    HAL_DMA_Abort                            0x0800035b   Thumb Code    70  stm32f1xx_hal_dma.o(i.HAL_DMA_Abort)
    HAL_DMA_Abort_IT                         0x080003a1   Thumb Code   148  stm32f1xx_hal_dma.o(i.HAL_DMA_Abort_IT)
    HAL_Delay                                0x08000439   Thumb Code    32  stm32f1xx_hal.o(i.HAL_Delay)
    HAL_GPIO_Init                            0x0800045d   Thumb Code   446  stm32f1xx_hal_gpio.o(i.HAL_GPIO_Init)
    HAL_GetTick                              0x0800063d   Thumb Code     6  stm32f1xx_hal.o(i.HAL_GetTick)
    HAL_IncTick                              0x08000649   Thumb Code    12  stm32f1xx_hal.o(i.HAL_IncTick)
    HAL_Init                                 0x08000659   Thumb Code    32  stm32f1xx_hal.o(i.HAL_Init)
    HAL_InitTick                             0x0800067d   Thumb Code    54  stm32f1xx_hal.o(i.HAL_InitTick)
    HAL_MspInit                              0x080006bd   Thumb Code    52  stm32f1xx_hal_msp.o(i.HAL_MspInit)
    HAL_NVIC_EnableIRQ                       0x080006f9   Thumb Code    26  stm32f1xx_hal_cortex.o(i.HAL_NVIC_EnableIRQ)
    HAL_NVIC_SetPriority                     0x08000715   Thumb Code    60  stm32f1xx_hal_cortex.o(i.HAL_NVIC_SetPriority)
    HAL_NVIC_SetPriorityGrouping             0x08000755   Thumb Code    26  stm32f1xx_hal_cortex.o(i.HAL_NVIC_SetPriorityGrouping)
    HAL_RCC_ClockConfig                      0x08000779   Thumb Code   280  stm32f1xx_hal_rcc.o(i.HAL_RCC_ClockConfig)
    HAL_RCC_GetPCLK1Freq                     0x080008a5   Thumb Code    20  stm32f1xx_hal_rcc.o(i.HAL_RCC_GetPCLK1Freq)
    HAL_RCC_GetPCLK2Freq                     0x080008c5   Thumb Code    20  stm32f1xx_hal_rcc.o(i.HAL_RCC_GetPCLK2Freq)
    HAL_RCC_GetSysClockFreq                  0x080008e5   Thumb Code    74  stm32f1xx_hal_rcc.o(i.HAL_RCC_GetSysClockFreq)
    HAL_RCC_OscConfig                        0x08000951   Thumb Code   778  stm32f1xx_hal_rcc.o(i.HAL_RCC_OscConfig)
    HAL_SYSTICK_Config                       0x08000c71   Thumb Code    40  stm32f1xx_hal_cortex.o(i.HAL_SYSTICK_Config)
    HAL_TIMEx_MasterConfigSynchronization    0x08000c99   Thumb Code    92  stm32f1xx_hal_tim_ex.o(i.HAL_TIMEx_MasterConfigSynchronization)
    HAL_TIM_Base_Init                        0x08000d01   Thumb Code    90  stm32f1xx_hal_tim.o(i.HAL_TIM_Base_Init)
    HAL_TIM_Base_MspInit                     0x08000d5d   Thumb Code    30  tim.o(i.HAL_TIM_Base_MspInit)
    HAL_TIM_Base_Start                       0x08000d85   Thumb Code    66  stm32f1xx_hal_tim.o(i.HAL_TIM_Base_Start)
    HAL_TIM_ConfigClockSource                0x08000dd5   Thumb Code   214  stm32f1xx_hal_tim.o(i.HAL_TIM_ConfigClockSource)
    HAL_TIM_MspPostInit                      0x08000ead   Thumb Code    62  tim.o(i.HAL_TIM_MspPostInit)
    HAL_TIM_PWM_ConfigChannel                0x08000ef9   Thumb Code   198  stm32f1xx_hal_tim.o(i.HAL_TIM_PWM_ConfigChannel)
    HAL_TIM_PWM_Init                         0x08000fbf   Thumb Code    90  stm32f1xx_hal_tim.o(i.HAL_TIM_PWM_Init)
    HAL_TIM_PWM_MspInit                      0x08001019   Thumb Code     2  stm32f1xx_hal_tim.o(i.HAL_TIM_PWM_MspInit)
    HAL_TIM_PWM_Start                        0x0800101d   Thumb Code   144  stm32f1xx_hal_tim.o(i.HAL_TIM_PWM_Start)
    HAL_TIM_PWM_Stop                         0x080010b9   Thumb Code   108  stm32f1xx_hal_tim.o(i.HAL_TIM_PWM_Stop)
    HAL_UARTEx_RxEventCallback               0x08001129   Thumb Code     2  stm32f1xx_hal_uart.o(i.HAL_UARTEx_RxEventCallback)
    HAL_UART_AbortReceiveCpltCallback        0x0800112b   Thumb Code     2  stm32f1xx_hal_uart.o(i.HAL_UART_AbortReceiveCpltCallback)
    HAL_UART_AbortReceive_IT                 0x0800112d   Thumb Code   106  stm32f1xx_hal_uart.o(i.HAL_UART_AbortReceive_IT)
    HAL_UART_ErrorCallback                   0x0800119d   Thumb Code     2  stm32f1xx_hal_uart.o(i.HAL_UART_ErrorCallback)
    HAL_UART_IRQHandler                      0x080011a1   Thumb Code   520  stm32f1xx_hal_uart.o(i.HAL_UART_IRQHandler)
    HAL_UART_Init                            0x080013ad   Thumb Code    98  stm32f1xx_hal_uart.o(i.HAL_UART_Init)
    HAL_UART_MspInit                         0x08001411   Thumb Code   116  usart.o(i.HAL_UART_MspInit)
    HAL_UART_Receive_IT                      0x08001491   Thumb Code    42  stm32f1xx_hal_uart.o(i.HAL_UART_Receive_IT)
    HAL_UART_RxCpltCallback                  0x080014bd   Thumb Code    32  main.o(i.HAL_UART_RxCpltCallback)
    HAL_UART_TxCpltCallback                  0x080014ed   Thumb Code     2  stm32f1xx_hal_uart.o(i.HAL_UART_TxCpltCallback)
    HardFault_Handler                        0x080014ef   Thumb Code     2  stm32f1xx_it.o(i.HardFault_Handler)
    MX_GPIO_Init                             0x080014f1   Thumb Code    54  gpio.o(i.MX_GPIO_Init)
    MX_TIM4_Init                             0x0800152d   Thumb Code   162  tim.o(i.MX_TIM4_Init)
    MX_USART1_UART_Init                      0x080015d9   Thumb Code    48  usart.o(i.MX_USART1_UART_Init)
    MemManage_Handler                        0x08001611   Thumb Code     2  stm32f1xx_it.o(i.MemManage_Handler)
    NMI_Handler                              0x08001613   Thumb Code     2  stm32f1xx_it.o(i.NMI_Handler)
    PWMSetDutyRatio                          0x08001615   Thumb Code    94  servos.o(i.PWMSetDutyRatio)
    PendSV_Handler                           0x08001673   Thumb Code     2  stm32f1xx_it.o(i.PendSV_Handler)
    PidCalculate                             0x08001675   Thumb Code   344  pid.o(i.PidCalculate)
    PidInit                                  0x080017cd   Thumb Code    42  pid.o(i.PidInit)
    PidInitMode                              0x080017f7   Thumb Code    86  pid.o(i.PidInitMode)
    SVC_Handler                              0x0800184d   Thumb Code     2  stm32f1xx_it.o(i.SVC_Handler)
    SysTick_Handler                          0x0800184f   Thumb Code     4  stm32f1xx_it.o(i.SysTick_Handler)
    SystemClock_Config                       0x08001853   Thumb Code    94  main.o(i.SystemClock_Config)
    SystemInit                               0x080018b1   Thumb Code     2  system_stm32f1xx.o(i.SystemInit)
    TIM_Base_SetConfig                       0x080018b5   Thumb Code    94  stm32f1xx_hal_tim.o(i.TIM_Base_SetConfig)
    TIM_CCxChannelCmd                        0x08001921   Thumb Code    26  stm32f1xx_hal_tim.o(i.TIM_CCxChannelCmd)
    TIM_ETR_SetConfig                        0x0800193b   Thumb Code    20  stm32f1xx_hal_tim.o(i.TIM_ETR_SetConfig)
    TIM_OC2_SetConfig                        0x080019b1   Thumb Code    84  stm32f1xx_hal_tim.o(i.TIM_OC2_SetConfig)
    UART_Start_Receive_IT                    0x08001cb1   Thumb Code    54  stm32f1xx_hal_uart.o(i.UART_Start_Receive_IT)
    USART1_IRQHandler                        0x08001ce9   Thumb Code     6  stm32f1xx_it.o(i.USART1_IRQHandler)
    UsageFault_Handler                       0x08001cf5   Thumb Code     2  stm32f1xx_it.o(i.UsageFault_Handler)
    __ARM_fpclassify                         0x08001cf7   Thumb Code    40  fpclassify.o(i.__ARM_fpclassify)
    __ieee754_rem_pio2                       0x08001d41   Thumb Code   828  rred.o(i.__ieee754_rem_pio2)
    __kernel_poly                            0x080020c9   Thumb Code   170  poly.o(i.__kernel_poly)
    __kernel_tan                             0x08002175   Thumb Code   586  tan_i.o(i.__kernel_tan)
    __mathlib_dbl_infnan                     0x080023f1   Thumb Code     6  dunder.o(i.__mathlib_dbl_infnan)
    __mathlib_dbl_infnan2                    0x080023f7   Thumb Code     4  dunder.o(i.__mathlib_dbl_infnan2)
    __mathlib_dbl_invalid                    0x080023fb   Thumb Code    12  dunder.o(i.__mathlib_dbl_invalid)
    __mathlib_dbl_underflow                  0x08002409   Thumb Code    10  dunder.o(i.__mathlib_dbl_underflow)
    atan                                     0x08002419   Thumb Code   474  atan.o(i.atan)
    atan2                                    0x08002639   Thumb Code   374  atan2.o(i.atan2)
    main                                     0x080028e1   Thumb Code   994  main.o(i.main)
    pid_clear                                0x08002d39   Thumb Code    36  pid.o(i.pid_clear)
    servos_start                             0x08002d5d   Thumb Code    22  servos.o(i.servos_start)
    servos_stop                              0x08002d73   Thumb Code     4  servos.o(i.servos_stop)
    tan                                      0x08002d79   Thumb Code    90  tan.o(i.tan)
    __aeabi_d2f                              0x08002ddd   Thumb Code     0  d2f.o(x$fpl$d2f)
    _d2f                                     0x08002ddd   Thumb Code    98  d2f.o(x$fpl$d2f)
    __aeabi_dadd                             0x08002e41   Thumb Code     0  daddsub_clz.o(x$fpl$dadd)
    _dadd                                    0x08002e41   Thumb Code   332  daddsub_clz.o(x$fpl$dadd)
    __fpl_dcheck_NaN1                        0x08002f91   Thumb Code    10  dcheck1.o(x$fpl$dcheck1)
    __fpl_dcmp_Inf                           0x08002fa1   Thumb Code    24  dcmpi.o(x$fpl$dcmpinf)
    __aeabi_ddiv                             0x08002fb9   Thumb Code     0  ddiv.o(x$fpl$ddiv)
    _ddiv                                    0x08002fb9   Thumb Code   552  ddiv.o(x$fpl$ddiv)
    __aeabi_cdcmpeq                          0x08003269   Thumb Code     0  deqf.o(x$fpl$deqf)
    _dcmpeq                                  0x08003269   Thumb Code   120  deqf.o(x$fpl$deqf)
    __aeabi_d2iz                             0x080032e1   Thumb Code     0  dfix.o(x$fpl$dfix)
    _dfix                                    0x080032e1   Thumb Code    94  dfix.o(x$fpl$dfix)
    __aeabi_i2d                              0x0800333f   Thumb Code     0  dflt_clz.o(x$fpl$dflt)
    _dflt                                    0x0800333f   Thumb Code    46  dflt_clz.o(x$fpl$dflt)
    __aeabi_ui2d                             0x0800336d   Thumb Code     0  dflt_clz.o(x$fpl$dfltu)
    _dfltu                                   0x0800336d   Thumb Code    38  dflt_clz.o(x$fpl$dfltu)
    __aeabi_cdcmple                          0x08003395   Thumb Code     0  dleqf.o(x$fpl$dleqf)
    _dcmple                                  0x08003395   Thumb Code   120  dleqf.o(x$fpl$dleqf)
    __fpl_dcmple_InfNaN                      0x080033f7   Thumb Code     0  dleqf.o(x$fpl$dleqf)
    __aeabi_dmul                             0x0800340d   Thumb Code     0  dmul.o(x$fpl$dmul)
    _dmul                                    0x0800340d   Thumb Code   332  dmul.o(x$fpl$dmul)
    __fpl_dnaninf                            0x08003561   Thumb Code   156  dnaninf.o(x$fpl$dnaninf)
    __fpl_dretinf                            0x080035fd   Thumb Code    12  dretinf.o(x$fpl$dretinf)
    __aeabi_cdrcmple                         0x08003609   Thumb Code     0  drleqf.o(x$fpl$drleqf)
    _drcmple                                 0x08003609   Thumb Code   108  drleqf.o(x$fpl$drleqf)
    __aeabi_drsub                            0x08003675   Thumb Code     0  daddsub_clz.o(x$fpl$drsb)
    _drsb                                    0x08003675   Thumb Code    22  daddsub_clz.o(x$fpl$drsb)
    __aeabi_dsub                             0x0800368d   Thumb Code     0  daddsub_clz.o(x$fpl$dsub)
    _dsub                                    0x0800368d   Thumb Code   464  daddsub_clz.o(x$fpl$dsub)
    __aeabi_f2d                              0x08003861   Thumb Code     0  f2d.o(x$fpl$f2d)
    _f2d                                     0x08003861   Thumb Code    86  f2d.o(x$fpl$f2d)
    __aeabi_fadd                             0x080038b9   Thumb Code     0  faddsub_clz.o(x$fpl$fadd)
    _fadd                                    0x080038b9   Thumb Code   196  faddsub_clz.o(x$fpl$fadd)
    __fpl_fcmp_Inf                           0x0800397d   Thumb Code    24  fcmpi.o(x$fpl$fcmpinf)
    __aeabi_fdiv                             0x08003995   Thumb Code     0  fdiv.o(x$fpl$fdiv)
    _fdiv                                    0x08003995   Thumb Code   384  fdiv.o(x$fpl$fdiv)
    __aeabi_f2uiz                            0x08003b19   Thumb Code     0  ffixu.o(x$fpl$ffixu)
    _ffixu                                   0x08003b19   Thumb Code    62  ffixu.o(x$fpl$ffixu)
    __aeabi_i2f                              0x08003b59   Thumb Code     0  fflt_clz.o(x$fpl$fflt)
    _fflt                                    0x08003b59   Thumb Code    48  fflt_clz.o(x$fpl$fflt)
    __aeabi_ui2f                             0x08003b89   Thumb Code     0  fflt_clz.o(x$fpl$ffltu)
    _ffltu                                   0x08003b89   Thumb Code    38  fflt_clz.o(x$fpl$ffltu)
    __aeabi_cfcmple                          0x08003bb1   Thumb Code     0  fleqf.o(x$fpl$fleqf)
    _fcmple                                  0x08003bb1   Thumb Code   104  fleqf.o(x$fpl$fleqf)
    __fpl_fcmple_InfNaN                      0x08003c03   Thumb Code     0  fleqf.o(x$fpl$fleqf)
    __aeabi_fmul                             0x08003c19   Thumb Code     0  fmul.o(x$fpl$fmul)
    _fmul                                    0x08003c19   Thumb Code   258  fmul.o(x$fpl$fmul)
    __fpl_fnaninf                            0x08003d1b   Thumb Code   140  fnaninf.o(x$fpl$fnaninf)
    __fpl_fretinf                            0x08003da7   Thumb Code    10  fretinf.o(x$fpl$fretinf)
    __aeabi_cfrcmple                         0x08003db1   Thumb Code     0  frleqf.o(x$fpl$frleqf)
    _frcmple                                 0x08003db1   Thumb Code    98  frleqf.o(x$fpl$frleqf)
    __aeabi_frsub                            0x08003e13   Thumb Code     0  faddsub_clz.o(x$fpl$frsb)
    _frsb                                    0x08003e13   Thumb Code    20  faddsub_clz.o(x$fpl$frsb)
    __aeabi_fsub                             0x08003e29   Thumb Code     0  faddsub_clz.o(x$fpl$fsub)
    _fsub                                    0x08003e29   Thumb Code   234  faddsub_clz.o(x$fpl$fsub)
    __fpl_return_NaN                         0x08003f13   Thumb Code   100  retnan.o(x$fpl$retnan)
    __ARM_scalbn                             0x08003f77   Thumb Code    92  scalbn.o(x$fpl$scalbn)
    __fpl_cmpreturn                          0x08003fd3   Thumb Code    48  trapv.o(x$fpl$trapveneer)
    AHBPrescTable                            0x08004002   Data          16  system_stm32f1xx.o(.constdata)
    __I$use$fp                               0x08004002   Number         0  usenofp.o(x$fpl$usenofp)
    APBPrescTable                            0x08004012   Data           8  system_stm32f1xx.o(.constdata)
    __mathlib_zero                           0x080040b8   Data           8  qnan.o(.constdata)
    Region$$Table$$Base                      0x080041e8   Number         0  anon$$obj.o(Region$$Table)
    Region$$Table$$Limit                     0x08004208   Number         0  anon$$obj.o(Region$$Table)
    usart_even                               0x20000000   Data           1  main.o(.data)
    turn_flag                                0x20000001   Data           1  main.o(.data)
    system_state                             0x20000002   Data           1  main.o(.data)
    yaw_angle                                0x20000004   Data           4  main.o(.data)
    x                                        0x20000008   Data           4  main.o(.data)
    y                                        0x2000000c   Data           4  main.o(.data)
    x_angle                                  0x20000010   Data           4  main.o(.data)
    y_angle                                  0x20000014   Data           4  main.o(.data)
    task1list_p                              0x20000018   Data           4  main.o(.data)
    task2list_p                              0x2000001c   Data           4  main.o(.data)
    autopointpoint                           0x20000020   Data           4  main.o(.data)
    task1list                                0x20000034   Data          24  main.o(.data)
    task2list                                0x2000004c   Data          72  main.o(.data)
    autolist                                 0x20000094   Data          40  main.o(.data)
    autopointlist                            0x200000bc   Data          48  main.o(.data)
    uwTickFreq                               0x200000ec   Data           1  stm32f1xx_hal.o(.data)
    uwTickPrio                               0x200000f0   Data           4  stm32f1xx_hal.o(.data)
    uwTick                                   0x200000f4   Data           4  stm32f1xx_hal.o(.data)
    SystemCoreClock                          0x200000f8   Data           4  system_stm32f1xx.o(.data)
    pid_y                                    0x200000fc   Data         144  main.o(.bss)
    pid_x                                    0x2000018c   Data         144  main.o(.bss)
    usart_rec                                0x2000021c   Data          40  main.o(.bss)
    htim4                                    0x20000244   Data          72  tim.o(.bss)
    huart1                                   0x2000028c   Data          68  usart.o(.bss)
    __libspace_start                         0x200002d0   Data          96  libspace.o(.bss)
    __temporary_stack_top$libspace           0x20000330   Data           0  libspace.o(.bss)



==============================================================================

Memory Map of the image

  Image Entry point : 0x080000ed

  Load Region LR_IROM1 (Base: 0x08000000, Size: 0x00004304, Max: 0x00010000, ABSOLUTE)

    Execution Region ER_IROM1 (Exec base: 0x08000000, Load base: 0x08000000, Size: 0x00004208, Max: 0x00010000, ABSOLUTE)

    Exec Addr    Load Addr    Size         Type   Attr      Idx    E Section Name        Object

    0x08000000   0x08000000   0x000000ec   Data   RO            3    RESET               startup_stm32f103xb.o
    0x080000ec   0x080000ec   0x00000008   Code   RO         3019  * !!!main             c_w.l(__main.o)
    0x080000f4   0x080000f4   0x00000034   Code   RO         3328    !!!scatter          c_w.l(__scatter.o)
    0x08000128   0x08000128   0x0000001a   Code   RO         3330    !!handler_copy      c_w.l(__scatter_copy.o)
    0x08000142   0x08000142   0x00000002   PAD
    0x08000144   0x08000144   0x0000001c   Code   RO         3332    !!handler_zi        c_w.l(__scatter_zi.o)
    0x08000160   0x08000160   0x00000002   Code   RO         3195    .ARM.Collect$$libinit$$00000000  c_w.l(libinit.o)
    0x08000162   0x08000162   0x00000000   Code   RO         3203    .ARM.Collect$$libinit$$00000002  c_w.l(libinit2.o)
    0x08000162   0x08000162   0x00000000   Code   RO         3205    .ARM.Collect$$libinit$$00000004  c_w.l(libinit2.o)
    0x08000162   0x08000162   0x00000000   Code   RO         3208    .ARM.Collect$$libinit$$0000000A  c_w.l(libinit2.o)
    0x08000162   0x08000162   0x00000000   Code   RO         3210    .ARM.Collect$$libinit$$0000000C  c_w.l(libinit2.o)
    0x08000162   0x08000162   0x00000000   Code   RO         3212    .ARM.Collect$$libinit$$0000000E  c_w.l(libinit2.o)
    0x08000162   0x08000162   0x00000000   Code   RO         3215    .ARM.Collect$$libinit$$00000011  c_w.l(libinit2.o)
    0x08000162   0x08000162   0x00000000   Code   RO         3217    .ARM.Collect$$libinit$$00000013  c_w.l(libinit2.o)
    0x08000162   0x08000162   0x00000000   Code   RO         3219    .ARM.Collect$$libinit$$00000015  c_w.l(libinit2.o)
    0x08000162   0x08000162   0x00000000   Code   RO         3221    .ARM.Collect$$libinit$$00000017  c_w.l(libinit2.o)
    0x08000162   0x08000162   0x00000000   Code   RO         3223    .ARM.Collect$$libinit$$00000019  c_w.l(libinit2.o)
    0x08000162   0x08000162   0x00000000   Code   RO         3225    .ARM.Collect$$libinit$$0000001B  c_w.l(libinit2.o)
    0x08000162   0x08000162   0x00000000   Code   RO         3227    .ARM.Collect$$libinit$$0000001D  c_w.l(libinit2.o)
    0x08000162   0x08000162   0x00000000   Code   RO         3229    .ARM.Collect$$libinit$$0000001F  c_w.l(libinit2.o)
    0x08000162   0x08000162   0x00000000   Code   RO         3231    .ARM.Collect$$libinit$$00000021  c_w.l(libinit2.o)
    0x08000162   0x08000162   0x00000000   Code   RO         3233    .ARM.Collect$$libinit$$00000023  c_w.l(libinit2.o)
    0x08000162   0x08000162   0x00000000   Code   RO         3235    .ARM.Collect$$libinit$$00000025  c_w.l(libinit2.o)
    0x08000162   0x08000162   0x00000000   Code   RO         3239    .ARM.Collect$$libinit$$0000002C  c_w.l(libinit2.o)
    0x08000162   0x08000162   0x00000000   Code   RO         3241    .ARM.Collect$$libinit$$0000002E  c_w.l(libinit2.o)
    0x08000162   0x08000162   0x00000000   Code   RO         3243    .ARM.Collect$$libinit$$00000030  c_w.l(libinit2.o)
    0x08000162   0x08000162   0x00000000   Code   RO         3245    .ARM.Collect$$libinit$$00000032  c_w.l(libinit2.o)
    0x08000162   0x08000162   0x00000002   Code   RO         3246    .ARM.Collect$$libinit$$00000033  c_w.l(libinit2.o)
    0x08000164   0x08000164   0x00000002   Code   RO         3266    .ARM.Collect$$libshutdown$$00000000  c_w.l(libshutdown.o)
    0x08000166   0x08000166   0x00000000   Code   RO         3279    .ARM.Collect$$libshutdown$$00000002  c_w.l(libshutdown2.o)
    0x08000166   0x08000166   0x00000000   Code   RO         3281    .ARM.Collect$$libshutdown$$00000004  c_w.l(libshutdown2.o)
    0x08000166   0x08000166   0x00000000   Code   RO         3283    .ARM.Collect$$libshutdown$$00000006  c_w.l(libshutdown2.o)
    0x08000166   0x08000166   0x00000000   Code   RO         3286    .ARM.Collect$$libshutdown$$00000009  c_w.l(libshutdown2.o)
    0x08000166   0x08000166   0x00000000   Code   RO         3289    .ARM.Collect$$libshutdown$$0000000C  c_w.l(libshutdown2.o)
    0x08000166   0x08000166   0x00000000   Code   RO         3291    .ARM.Collect$$libshutdown$$0000000E  c_w.l(libshutdown2.o)
    0x08000166   0x08000166   0x00000000   Code   RO         3294    .ARM.Collect$$libshutdown$$00000011  c_w.l(libshutdown2.o)
    0x08000166   0x08000166   0x00000002   Code   RO         3295    .ARM.Collect$$libshutdown$$00000012  c_w.l(libshutdown2.o)
    0x08000168   0x08000168   0x00000000   Code   RO         3083    .ARM.Collect$$rtentry$$00000000  c_w.l(__rtentry.o)
    0x08000168   0x08000168   0x00000000   Code   RO         3144    .ARM.Collect$$rtentry$$00000002  c_w.l(__rtentry2.o)
    0x08000168   0x08000168   0x00000006   Code   RO         3156    .ARM.Collect$$rtentry$$00000004  c_w.l(__rtentry4.o)
    0x0800016e   0x0800016e   0x00000000   Code   RO         3146    .ARM.Collect$$rtentry$$00000009  c_w.l(__rtentry2.o)
    0x0800016e   0x0800016e   0x00000004   Code   RO         3147    .ARM.Collect$$rtentry$$0000000A  c_w.l(__rtentry2.o)
    0x08000172   0x08000172   0x00000000   Code   RO         3149    .ARM.Collect$$rtentry$$0000000C  c_w.l(__rtentry2.o)
    0x08000172   0x08000172   0x00000008   Code   RO         3150    .ARM.Collect$$rtentry$$0000000D  c_w.l(__rtentry2.o)
    0x0800017a   0x0800017a   0x00000002   Code   RO         3200    .ARM.Collect$$rtexit$$00000000  c_w.l(rtexit.o)
    0x0800017c   0x0800017c   0x00000000   Code   RO         3248    .ARM.Collect$$rtexit$$00000002  c_w.l(rtexit2.o)
    0x0800017c   0x0800017c   0x00000004   Code   RO         3249    .ARM.Collect$$rtexit$$00000003  c_w.l(rtexit2.o)
    0x08000180   0x08000180   0x00000006   Code   RO         3250    .ARM.Collect$$rtexit$$00000004  c_w.l(rtexit2.o)
    0x08000186   0x08000186   0x00000002   PAD
    0x08000188   0x08000188   0x00000040   Code   RO            4    .text               startup_stm32f103xb.o
    0x080001c8   0x080001c8   0x00000044   Code   RO         3013    .text               c_w.l(rt_memclr.o)
    0x0800020c   0x0800020c   0x0000004e   Code   RO         3015    .text               c_w.l(rt_memclr_w.o)
    0x0800025a   0x0800025a   0x00000006   Code   RO         3017    .text               c_w.l(heapauxi.o)
    0x08000260   0x08000260   0x00000016   Code   RO         3084    .text               c_w.l(_rserrno.o)
    0x08000276   0x08000276   0x00000002   PAD
    0x08000278   0x08000278   0x00000008   Code   RO         3161    .text               c_w.l(rt_errno_addr_intlibspace.o)
    0x08000280   0x08000280   0x00000008   Code   RO         3183    .text               c_w.l(libspace.o)
    0x08000288   0x08000288   0x0000004a   Code   RO         3186    .text               c_w.l(sys_stackheap_outer.o)
    0x080002d2   0x080002d2   0x00000012   Code   RO         3188    .text               c_w.l(exit.o)
    0x080002e4   0x080002e4   0x0000000c   Code   RO         3258    .text               c_w.l(sys_exit.o)
    0x080002f0   0x080002f0   0x00000002   Code   RO         3269    .text               c_w.l(use_no_semi.o)
    0x080002f2   0x080002f2   0x00000000   Code   RO         3271    .text               c_w.l(indicate_semi.o)
    0x080002f2   0x080002f2   0x00000002   Code   RO          302    i.BusFault_Handler  stm32f1xx_it.o
    0x080002f4   0x080002f4   0x00000060   Code   RO         2829    i.Changing_Integration_Rate  pid.o
    0x08000354   0x08000354   0x00000002   Code   RO          303    i.DebugMon_Handler  stm32f1xx_it.o
    0x08000356   0x08000356   0x00000004   Code   RO           13    i.Error_Handler     main.o
    0x0800035a   0x0800035a   0x00000046   Code   RO          823    i.HAL_DMA_Abort     stm32f1xx_hal_dma.o
    0x080003a0   0x080003a0   0x00000098   Code   RO          824    i.HAL_DMA_Abort_IT  stm32f1xx_hal_dma.o
    0x08000438   0x08000438   0x00000024   Code   RO          451    i.HAL_Delay         stm32f1xx_hal.o
    0x0800045c   0x0800045c   0x000001e0   Code   RO          759    i.HAL_GPIO_Init     stm32f1xx_hal_gpio.o
    0x0800063c   0x0800063c   0x0000000c   Code   RO          455    i.HAL_GetTick       stm32f1xx_hal.o
    0x08000648   0x08000648   0x00000010   Code   RO          461    i.HAL_IncTick       stm32f1xx_hal.o
    0x08000658   0x08000658   0x00000024   Code   RO          462    i.HAL_Init          stm32f1xx_hal.o
    0x0800067c   0x0800067c   0x00000040   Code   RO          463    i.HAL_InitTick      stm32f1xx_hal.o
    0x080006bc   0x080006bc   0x0000003c   Code   RO          384    i.HAL_MspInit       stm32f1xx_hal_msp.o
    0x080006f8   0x080006f8   0x0000001a   Code   RO          919    i.HAL_NVIC_EnableIRQ  stm32f1xx_hal_cortex.o
    0x08000712   0x08000712   0x00000002   PAD
    0x08000714   0x08000714   0x00000040   Code   RO          925    i.HAL_NVIC_SetPriority  stm32f1xx_hal_cortex.o
    0x08000754   0x08000754   0x00000024   Code   RO          926    i.HAL_NVIC_SetPriorityGrouping  stm32f1xx_hal_cortex.o
    0x08000778   0x08000778   0x0000012c   Code   RO          619    i.HAL_RCC_ClockConfig  stm32f1xx_hal_rcc.o
    0x080008a4   0x080008a4   0x00000020   Code   RO          626    i.HAL_RCC_GetPCLK1Freq  stm32f1xx_hal_rcc.o
    0x080008c4   0x080008c4   0x00000020   Code   RO          627    i.HAL_RCC_GetPCLK2Freq  stm32f1xx_hal_rcc.o
    0x080008e4   0x080008e4   0x0000006c   Code   RO          628    i.HAL_RCC_GetSysClockFreq  stm32f1xx_hal_rcc.o
    0x08000950   0x08000950   0x00000320   Code   RO          631    i.HAL_RCC_OscConfig  stm32f1xx_hal_rcc.o
    0x08000c70   0x08000c70   0x00000028   Code   RO          930    i.HAL_SYSTICK_Config  stm32f1xx_hal_cortex.o
    0x08000c98   0x08000c98   0x00000068   Code   RO         2144    i.HAL_TIMEx_MasterConfigSynchronization  stm32f1xx_hal_tim_ex.o
    0x08000d00   0x08000d00   0x0000005a   Code   RO         1421    i.HAL_TIM_Base_Init  stm32f1xx_hal_tim.o
    0x08000d5a   0x08000d5a   0x00000002   PAD
    0x08000d5c   0x08000d5c   0x00000028   Code   RO          213    i.HAL_TIM_Base_MspInit  tim.o
    0x08000d84   0x08000d84   0x00000050   Code   RO         1424    i.HAL_TIM_Base_Start  stm32f1xx_hal_tim.o
    0x08000dd4   0x08000dd4   0x000000d6   Code   RO         1430    i.HAL_TIM_ConfigClockSource  stm32f1xx_hal_tim.o
    0x08000eaa   0x08000eaa   0x00000002   PAD
    0x08000eac   0x08000eac   0x0000004c   Code   RO          214    i.HAL_TIM_MspPostInit  tim.o
    0x08000ef8   0x08000ef8   0x000000c6   Code   RO         1493    i.HAL_TIM_PWM_ConfigChannel  stm32f1xx_hal_tim.o
    0x08000fbe   0x08000fbe   0x0000005a   Code   RO         1496    i.HAL_TIM_PWM_Init  stm32f1xx_hal_tim.o
    0x08001018   0x08001018   0x00000002   Code   RO         1498    i.HAL_TIM_PWM_MspInit  stm32f1xx_hal_tim.o
    0x0800101a   0x0800101a   0x00000002   PAD
    0x0800101c   0x0800101c   0x0000009c   Code   RO         1501    i.HAL_TIM_PWM_Start  stm32f1xx_hal_tim.o
    0x080010b8   0x080010b8   0x00000070   Code   RO         1504    i.HAL_TIM_PWM_Stop  stm32f1xx_hal_tim.o
    0x08001128   0x08001128   0x00000002   Code   RO         2403    i.HAL_UARTEx_RxEventCallback  stm32f1xx_hal_uart.o
    0x0800112a   0x0800112a   0x00000002   Code   RO         2407    i.HAL_UART_AbortReceiveCpltCallback  stm32f1xx_hal_uart.o
    0x0800112c   0x0800112c   0x00000070   Code   RO         2408    i.HAL_UART_AbortReceive_IT  stm32f1xx_hal_uart.o
    0x0800119c   0x0800119c   0x00000002   Code   RO         2417    i.HAL_UART_ErrorCallback  stm32f1xx_hal_uart.o
    0x0800119e   0x0800119e   0x00000002   PAD
    0x080011a0   0x080011a0   0x0000020c   Code   RO         2420    i.HAL_UART_IRQHandler  stm32f1xx_hal_uart.o
    0x080013ac   0x080013ac   0x00000062   Code   RO         2421    i.HAL_UART_Init     stm32f1xx_hal_uart.o
    0x0800140e   0x0800140e   0x00000002   PAD
    0x08001410   0x08001410   0x00000080   Code   RO          261    i.HAL_UART_MspInit  usart.o
    0x08001490   0x08001490   0x0000002a   Code   RO         2426    i.HAL_UART_Receive_IT  stm32f1xx_hal_uart.o
    0x080014ba   0x080014ba   0x00000002   PAD
    0x080014bc   0x080014bc   0x00000030   Code   RO           14    i.HAL_UART_RxCpltCallback  main.o
    0x080014ec   0x080014ec   0x00000002   Code   RO         2432    i.HAL_UART_TxCpltCallback  stm32f1xx_hal_uart.o
    0x080014ee   0x080014ee   0x00000002   Code   RO          304    i.HardFault_Handler  stm32f1xx_it.o
    0x080014f0   0x080014f0   0x0000003c   Code   RO          188    i.MX_GPIO_Init      gpio.o
    0x0800152c   0x0800152c   0x000000ac   Code   RO          215    i.MX_TIM4_Init      tim.o
    0x080015d8   0x080015d8   0x00000038   Code   RO          262    i.MX_USART1_UART_Init  usart.o
    0x08001610   0x08001610   0x00000002   Code   RO          305    i.MemManage_Handler  stm32f1xx_it.o
    0x08001612   0x08001612   0x00000002   Code   RO          306    i.NMI_Handler       stm32f1xx_it.o
    0x08001614   0x08001614   0x0000005e   Code   RO         2788    i.PWMSetDutyRatio   servos.o
    0x08001672   0x08001672   0x00000002   Code   RO          307    i.PendSV_Handler    stm32f1xx_it.o
    0x08001674   0x08001674   0x00000158   Code   RO         2830    i.PidCalculate      pid.o
    0x080017cc   0x080017cc   0x0000002a   Code   RO         2831    i.PidInit           pid.o
    0x080017f6   0x080017f6   0x00000056   Code   RO         2832    i.PidInitMode       pid.o
    0x0800184c   0x0800184c   0x00000002   Code   RO          308    i.SVC_Handler       stm32f1xx_it.o
    0x0800184e   0x0800184e   0x00000004   Code   RO          309    i.SysTick_Handler   stm32f1xx_it.o
    0x08001852   0x08001852   0x0000005e   Code   RO           15    i.SystemClock_Config  main.o
    0x080018b0   0x080018b0   0x00000002   Code   RO         2750    i.SystemInit        system_stm32f1xx.o
    0x080018b2   0x080018b2   0x00000002   PAD
    0x080018b4   0x080018b4   0x0000006c   Code   RO         1514    i.TIM_Base_SetConfig  stm32f1xx_hal_tim.o
    0x08001920   0x08001920   0x0000001a   Code   RO         1515    i.TIM_CCxChannelCmd  stm32f1xx_hal_tim.o
    0x0800193a   0x0800193a   0x00000014   Code   RO         1525    i.TIM_ETR_SetConfig  stm32f1xx_hal_tim.o
    0x0800194e   0x0800194e   0x00000010   Code   RO         1526    i.TIM_ITRx_SetConfig  stm32f1xx_hal_tim.o
    0x0800195e   0x0800195e   0x00000002   PAD
    0x08001960   0x08001960   0x00000050   Code   RO         1527    i.TIM_OC1_SetConfig  stm32f1xx_hal_tim.o
    0x080019b0   0x080019b0   0x00000058   Code   RO         1528    i.TIM_OC2_SetConfig  stm32f1xx_hal_tim.o
    0x08001a08   0x08001a08   0x00000058   Code   RO         1529    i.TIM_OC3_SetConfig  stm32f1xx_hal_tim.o
    0x08001a60   0x08001a60   0x00000044   Code   RO         1530    i.TIM_OC4_SetConfig  stm32f1xx_hal_tim.o
    0x08001aa4   0x08001aa4   0x00000022   Code   RO         1532    i.TIM_TI1_ConfigInputStage  stm32f1xx_hal_tim.o
    0x08001ac6   0x08001ac6   0x00000024   Code   RO         1534    i.TIM_TI2_ConfigInputStage  stm32f1xx_hal_tim.o
    0x08001aea   0x08001aea   0x00000010   Code   RO         2434    i.UART_DMAAbortOnError  stm32f1xx_hal_uart.o
    0x08001afa   0x08001afa   0x00000016   Code   RO         2439    i.UART_DMARxOnlyAbortCallback  stm32f1xx_hal_uart.o
    0x08001b10   0x08001b10   0x00000030   Code   RO         2444    i.UART_EndRxTransfer  stm32f1xx_hal_uart.o
    0x08001b40   0x08001b40   0x000000b6   Code   RO         2446    i.UART_Receive_IT   stm32f1xx_hal_uart.o
    0x08001bf6   0x08001bf6   0x00000002   PAD
    0x08001bf8   0x08001bf8   0x000000b8   Code   RO         2447    i.UART_SetConfig    stm32f1xx_hal_uart.o
    0x08001cb0   0x08001cb0   0x00000036   Code   RO         2449    i.UART_Start_Receive_IT  stm32f1xx_hal_uart.o
    0x08001ce6   0x08001ce6   0x00000002   PAD
    0x08001ce8   0x08001ce8   0x0000000c   Code   RO          310    i.USART1_IRQHandler  stm32f1xx_it.o
    0x08001cf4   0x08001cf4   0x00000002   Code   RO          311    i.UsageFault_Handler  stm32f1xx_it.o
    0x08001cf6   0x08001cf6   0x00000028   Code   RO         3179    i.__ARM_fpclassify  m_ws.l(fpclassify.o)
    0x08001d1e   0x08001d1e   0x00000020   Code   RO          932    i.__NVIC_SetPriority  stm32f1xx_hal_cortex.o
    0x08001d3e   0x08001d3e   0x00000002   PAD
    0x08001d40   0x08001d40   0x00000388   Code   RO         3132    i.__ieee754_rem_pio2  m_ws.l(rred.o)
    0x080020c8   0x080020c8   0x000000aa   Code   RO         3181    i.__kernel_poly     m_ws.l(poly.o)
    0x08002172   0x08002172   0x00000002   PAD
    0x08002174   0x08002174   0x0000027c   Code   RO         3137    i.__kernel_tan      m_ws.l(tan_i.o)
    0x080023f0   0x080023f0   0x00000006   Code   RO         3118    i.__mathlib_dbl_infnan  m_ws.l(dunder.o)
    0x080023f6   0x080023f6   0x00000004   Code   RO         3119    i.__mathlib_dbl_infnan2  m_ws.l(dunder.o)
    0x080023fa   0x080023fa   0x0000000c   Code   RO         3120    i.__mathlib_dbl_invalid  m_ws.l(dunder.o)
    0x08002406   0x08002406   0x00000002   PAD
    0x08002408   0x08002408   0x00000010   Code   RO         3123    i.__mathlib_dbl_underflow  m_ws.l(dunder.o)
    0x08002418   0x08002418   0x00000220   Code   RO         3108    i.atan              m_ws.l(atan.o)
    0x08002638   0x08002638   0x0000019c   Code   RO         3068    i.atan2             m_ws.l(atan2.o)
    0x080027d4   0x080027d4   0x0000006e   Code   RO         2834    i.f_Derivative_On_Measurement  pid.o
    0x08002842   0x08002842   0x00000002   PAD
    0x08002844   0x08002844   0x00000068   Code   RO         2835    i.f_StepIn          pid.o
    0x080028ac   0x080028ac   0x00000034   Code   RO         2836    i.first_order_filter  pid.o
    0x080028e0   0x080028e0   0x00000458   Code   RO           16    i.main              main.o
    0x08002d38   0x08002d38   0x00000024   Code   RO         2839    i.pid_clear         pid.o
    0x08002d5c   0x08002d5c   0x00000016   Code   RO         2789    i.servos_start      servos.o
    0x08002d72   0x08002d72   0x00000004   Code   RO         2790    i.servos_stop       servos.o
    0x08002d76   0x08002d76   0x00000002   PAD
    0x08002d78   0x08002d78   0x00000064   Code   RO         3076    i.tan               m_ws.l(tan.o)
    0x08002ddc   0x08002ddc   0x00000062   Code   RO         3021    x$fpl$d2f           fz_ws.l(d2f.o)
    0x08002e3e   0x08002e3e   0x00000002   PAD
    0x08002e40   0x08002e40   0x00000150   Code   RO         3023    x$fpl$dadd          fz_ws.l(daddsub_clz.o)
    0x08002f90   0x08002f90   0x00000010   Code   RO         3196    x$fpl$dcheck1       fz_ws.l(dcheck1.o)
    0x08002fa0   0x08002fa0   0x00000018   Code   RO         3163    x$fpl$dcmpinf       fz_ws.l(dcmpi.o)
    0x08002fb8   0x08002fb8   0x000002b0   Code   RO         3087    x$fpl$ddiv          fz_ws.l(ddiv.o)
    0x08003268   0x08003268   0x00000078   Code   RO         3090    x$fpl$deqf          fz_ws.l(deqf.o)
    0x080032e0   0x080032e0   0x0000005e   Code   RO         3165    x$fpl$dfix          fz_ws.l(dfix.o)
    0x0800333e   0x0800333e   0x0000002e   Code   RO         3170    x$fpl$dflt          fz_ws.l(dflt_clz.o)
    0x0800336c   0x0800336c   0x00000026   Code   RO         3169    x$fpl$dfltu         fz_ws.l(dflt_clz.o)
    0x08003392   0x08003392   0x00000002   PAD
    0x08003394   0x08003394   0x00000078   Code   RO         3092    x$fpl$dleqf         fz_ws.l(dleqf.o)
    0x0800340c   0x0800340c   0x00000154   Code   RO         3029    x$fpl$dmul          fz_ws.l(dmul.o)
    0x08003560   0x08003560   0x0000009c   Code   RO         3094    x$fpl$dnaninf       fz_ws.l(dnaninf.o)
    0x080035fc   0x080035fc   0x0000000c   Code   RO         3096    x$fpl$dretinf       fz_ws.l(dretinf.o)
    0x08003608   0x08003608   0x0000006c   Code   RO         3031    x$fpl$drleqf        fz_ws.l(drleqf.o)
    0x08003674   0x08003674   0x00000016   Code   RO         3024    x$fpl$drsb          fz_ws.l(daddsub_clz.o)
    0x0800368a   0x0800368a   0x00000002   PAD
    0x0800368c   0x0800368c   0x000001d4   Code   RO         3025    x$fpl$dsub          fz_ws.l(daddsub_clz.o)
    0x08003860   0x08003860   0x00000056   Code   RO         3033    x$fpl$f2d           fz_ws.l(f2d.o)
    0x080038b6   0x080038b6   0x00000002   PAD
    0x080038b8   0x080038b8   0x000000c4   Code   RO         3035    x$fpl$fadd          fz_ws.l(faddsub_clz.o)
    0x0800397c   0x0800397c   0x00000018   Code   RO         3100    x$fpl$fcmpinf       fz_ws.l(fcmpi.o)
    0x08003994   0x08003994   0x00000184   Code   RO         3042    x$fpl$fdiv          fz_ws.l(fdiv.o)
    0x08003b18   0x08003b18   0x0000003e   Code   RO         3049    x$fpl$ffixu         fz_ws.l(ffixu.o)
    0x08003b56   0x08003b56   0x00000002   PAD
    0x08003b58   0x08003b58   0x00000030   Code   RO         3054    x$fpl$fflt          fz_ws.l(fflt_clz.o)
    0x08003b88   0x08003b88   0x00000026   Code   RO         3053    x$fpl$ffltu         fz_ws.l(fflt_clz.o)
    0x08003bae   0x08003bae   0x00000002   PAD
    0x08003bb0   0x08003bb0   0x00000068   Code   RO         3059    x$fpl$fleqf         fz_ws.l(fleqf.o)
    0x08003c18   0x08003c18   0x00000102   Code   RO         3061    x$fpl$fmul          fz_ws.l(fmul.o)
    0x08003d1a   0x08003d1a   0x0000008c   Code   RO         3102    x$fpl$fnaninf       fz_ws.l(fnaninf.o)
    0x08003da6   0x08003da6   0x0000000a   Code   RO         3104    x$fpl$fretinf       fz_ws.l(fretinf.o)
    0x08003db0   0x08003db0   0x00000062   Code   RO         3063    x$fpl$frleqf        fz_ws.l(frleqf.o)
    0x08003e12   0x08003e12   0x00000014   Code   RO         3036    x$fpl$frsb          fz_ws.l(faddsub_clz.o)
    0x08003e26   0x08003e26   0x00000002   PAD
    0x08003e28   0x08003e28   0x000000ea   Code   RO         3037    x$fpl$fsub          fz_ws.l(faddsub_clz.o)
    0x08003f12   0x08003f12   0x00000064   Code   RO         3175    x$fpl$retnan        fz_ws.l(retnan.o)
    0x08003f76   0x08003f76   0x0000005c   Code   RO         3177    x$fpl$scalbn        fz_ws.l(scalbn.o)
    0x08003fd2   0x08003fd2   0x00000030   Code   RO         3198    x$fpl$trapveneer    fz_ws.l(trapv.o)
    0x08004002   0x08004002   0x00000000   Code   RO         3106    x$fpl$usenofp       fz_ws.l(usenofp.o)
    0x08004002   0x08004002   0x00000010   Data   RO         2751    .constdata          system_stm32f1xx.o
    0x08004012   0x08004012   0x00000008   Data   RO         2752    .constdata          system_stm32f1xx.o
    0x0800401a   0x0800401a   0x00000006   PAD
    0x08004020   0x08004020   0x00000098   Data   RO         3109    .constdata          m_ws.l(atan.o)
    0x080040b8   0x080040b8   0x00000008   Data   RO         3131    .constdata          m_ws.l(qnan.o)
    0x080040c0   0x080040c0   0x000000c8   Data   RO         3134    .constdata          m_ws.l(rred.o)
    0x08004188   0x08004188   0x00000060   Data   RO         3138    .constdata          m_ws.l(tan_i.o)
    0x080041e8   0x080041e8   0x00000020   Data   RO         3326    Region$$Table       anon$$obj.o


    Execution Region RW_IRAM1 (Exec base: 0x20000000, Load base: 0x08004208, Size: 0x00001330, Max: 0x00005000, ABSOLUTE)

    Exec Addr    Load Addr    Size         Type   Attr      Idx    E Section Name        Object

    0x20000000   0x08004208   0x000000ec   Data   RW           18    .data               main.o
    0x200000ec   0x080042f4   0x0000000c   Data   RW          469    .data               stm32f1xx_hal.o
    0x200000f8   0x08004300   0x00000004   Data   RW         2753    .data               system_stm32f1xx.o
    0x200000fc        -       0x00000148   Zero   RW           17    .bss                main.o
    0x20000244        -       0x00000048   Zero   RW          216    .bss                tim.o
    0x2000028c        -       0x00000044   Zero   RW          263    .bss                usart.o
    0x200002d0        -       0x00000060   Zero   RW         3184    .bss                c_w.l(libspace.o)
    0x20000330        -       0x00000800   Zero   RW            2    HEAP                startup_stm32f103xb.o
    0x20000b30        -       0x00000800   Zero   RW            1    STACK               startup_stm32f103xb.o


==============================================================================

Image component sizes


      Code (inc. data)   RO Data    RW Data    ZI Data      Debug   Object Name

        60          6          0          0          0        755   gpio.o
      1258        134          0        236        328     431142   main.o
       870         16          0          0          0       7163   pid.o
       120          0          0          0          0       1843   servos.o
        64         26        236          0       4096        780   startup_stm32f103xb.o
       164         28          0         12          0       5653   stm32f1xx_hal.o
       198         14          0          0          0      28759   stm32f1xx_hal_cortex.o
       222          4          0          0          0       1675   stm32f1xx_hal_dma.o
       480         34          0          0          0       2200   stm32f1xx_hal_gpio.o
        60          8          0          0          0        810   stm32f1xx_hal_msp.o
      1272        100          0          0          0       5004   stm32f1xx_hal_rcc.o
      1506         64          0          0          0      12944   stm32f1xx_hal_tim.o
       104         12          0          0          0       1264   stm32f1xx_hal_tim_ex.o
      1290         16          0          0          0       9799   stm32f1xx_hal_uart.o
        32          6          0          0          0       3994   stm32f1xx_it.o
         2          0         24          4          0       1023   system_stm32f1xx.o
       288         34          0          0         72       2148   tim.o
       184         20          0          0         68       1558   usart.o

    ----------------------------------------------------------------------
      8202        522        298        252       4564     518514   Object Totals
         0          0         32          0          0          0   (incl. Generated)
        28          0          6          0          0          0   (incl. Padding)

    ----------------------------------------------------------------------

      Code (inc. data)   RO Data    RW Data    ZI Data      Debug   Library Member Name

         8          0          0          0          0         68   __main.o
         0          0          0          0          0          0   __rtentry.o
        12          0          0          0          0          0   __rtentry2.o
         6          0          0          0          0          0   __rtentry4.o
        52          8          0          0          0          0   __scatter.o
        26          0          0          0          0          0   __scatter_copy.o
        28          0          0          0          0          0   __scatter_zi.o
        22          0          0          0          0        100   _rserrno.o
        18          0          0          0          0         80   exit.o
         6          0          0          0          0        152   heapauxi.o
         0          0          0          0          0          0   indicate_semi.o
         2          0          0          0          0          0   libinit.o
         2          0          0          0          0          0   libinit2.o
         2          0          0          0          0          0   libshutdown.o
         2          0          0          0          0          0   libshutdown2.o
         8          4          0          0         96         68   libspace.o
         8          4          0          0          0         68   rt_errno_addr_intlibspace.o
        68          0          0          0          0         68   rt_memclr.o
        78          0          0          0          0         80   rt_memclr_w.o
         2          0          0          0          0          0   rtexit.o
        10          0          0          0          0          0   rtexit2.o
        12          4          0          0          0         68   sys_exit.o
        74          0          0          0          0         80   sys_stackheap_outer.o
         2          0          0          0          0         68   use_no_semi.o
        98          4          0          0          0         92   d2f.o
       826         16          0          0          0        348   daddsub_clz.o
        16          4          0          0          0         68   dcheck1.o
        24          0          0          0          0         68   dcmpi.o
       688        140          0          0          0        208   ddiv.o
       120          4          0          0          0         92   deqf.o
        94          4          0          0          0         92   dfix.o
        84          0          0          0          0        136   dflt_clz.o
       120          4          0          0          0         92   dleqf.o
       340         12          0          0          0        104   dmul.o
       156          4          0          0          0         92   dnaninf.o
        12          0          0          0          0         68   dretinf.o
       108          0          0          0          0         80   drleqf.o
        86          4          0          0          0         84   f2d.o
       450          8          0          0          0        236   faddsub_clz.o
        24          0          0          0          0         68   fcmpi.o
       388         76          0          0          0         96   fdiv.o
        62          4          0          0          0         84   ffixu.o
        86          0          0          0          0        136   fflt_clz.o
       104          4          0          0          0         84   fleqf.o
       258          4          0          0          0         84   fmul.o
       140          4          0          0          0         84   fnaninf.o
        10          0          0          0          0         68   fretinf.o
        98          0          0          0          0         68   frleqf.o
       100          0          0          0          0         68   retnan.o
        92          0          0          0          0         68   scalbn.o
        48          0          0          0          0         68   trapv.o
         0          0          0          0          0          0   usenofp.o
       544         70        152          0          0        124   atan.o
       412         38          0          0          0        144   atan2.o
        38          6          0          0          0        272   dunder.o
        40          0          0          0          0         68   fpclassify.o
       170          0          0          0          0         96   poly.o
         0          0          8          0          0          0   qnan.o
       904         76        200          0          0        140   rred.o
       100         10          0          0          0         96   tan.o
       636         50         96          0          0        168   tan_i.o

    ----------------------------------------------------------------------
      7948        566        456          0         96       4844   Library Totals
        24          0          0          0          0          0   (incl. Padding)

    ----------------------------------------------------------------------

      Code (inc. data)   RO Data    RW Data    ZI Data      Debug   Library Name

       448         20          0          0         96        900   c_w.l
      4632        296          0          0          0       2836   fz_ws.l
      2844        250        456          0          0       1108   m_ws.l

    ----------------------------------------------------------------------
      7948        566        456          0         96       4844   Library Totals

    ----------------------------------------------------------------------

==============================================================================


      Code (inc. data)   RO Data    RW Data    ZI Data      Debug   

     16150       1088        754        252       4660     516594   Grand Totals
     16150       1088        754        252       4660     516594   ELF Image Totals
     16150       1088        754        252          0          0   ROM Totals

==============================================================================

    Total RO  Size (Code + RO Data)                16904 (  16.51kB)
    Total RW  Size (RW Data + ZI Data)              4912 (   4.80kB)
    Total ROM Size (Code + RO Data + RW Data)      17156 (  16.75kB)

==============================================================================

